<area shape="rect" href="AggrPkt.html" title="Message AggrPkt" alt="AggrPkt" coords="7,16,79,40">
<area shape="rect" href="AirFrameUWBIR.html" title="Message AirFrameUWBIR" alt="AirFrameUWBIR" coords="103,16,212,40">
<area shape="rect" href="ApplPkt.html" title="Packet ApplPkt" alt="ApplPkt" coords="236,16,308,40">
<area shape="rect" href="BorderMsg.html" title="Packet BorderMsg" alt="BorderMsg" coords="332,16,404,40">
<area shape="rect" href="ChannelSenseRequest.html" title="Packet ChannelSenseRequest" alt="ChannelSenseRequest" coords="428,16,569,40">
<area shape="rect" href="DummyRoutePkt.html" title="Message DummyRoutePkt" alt="DummyRoutePkt" coords="593,16,703,40">
<area shape="rect" href="EtherType.html" title="Enum EtherType" alt="EtherType" coords="727,16,799,40">
<area shape="rect" href="Ieee802Ctrl.html" title="Class Ieee802Ctrl" alt="Ieee802Ctrl" coords="823,16,897,40">
<area shape="rect" href="Ieee802MessageKind.html" title="Enum Ieee802MessageKind" alt="Ieee802MessageKind" coords="921,16,1055,40">
<area shape="rect" href="LMacPkt.html" title="Message LMacPkt" alt="LMacPkt" coords="1079,16,1151,40">
<area shape="rect" href="Mac80211Pkt.html" title="Packet Mac80211Pkt" alt="Mac80211Pkt" coords="1175,16,1263,40">
<area shape="rect" href="MacPkt.html" title="Packet MacPkt" alt="MacPkt" coords="1287,16,1359,40">
<area shape="rect" href="MiximAirFrame.html" title="Packet MiximAirFrame" alt="MiximAirFrame" coords="1383,16,1481,40">
<area shape="rect" href="NetwPkt.html" title="Packet NetwPkt" alt="NetwPkt" coords="1505,16,1577,40">
<area shape="rect" href="ProbabilisticBroadcastPkt.html" title="Message ProbabilisticBroadcastPkt" alt="ProbabilisticBroadcastPkt" coords="1601,16,1761,40">
<area shape="rect" href="SAPCode.html" title="Enum SAPCode" alt="SAPCode" coords="1785,16,1857,40">
<area shape="rect" href="SenseMode.html" title="Enum SenseMode" alt="SenseMode" coords="1881,16,1961,40">
<area shape="rect" href="UWBIRMacPkt.html" title="Message UWBIRMacPkt" alt="UWBIRMacPkt" coords="1985,16,2084,40">
<area shape="rect" href="WiseRoutePkt.html" title="Message WiseRoutePkt" alt="WiseRoutePkt" coords="2108,16,2204,40">
