<area shape="rect" href="org.mixim.modules.netw.AdaptiveProbabilisticBroadcast.html" title="Simple Module AdaptiveProbabilisticBroadcast" alt="AdaptiveProbabilisticBroadcast" coords="7,16,199,40">
<area shape="rect" href="org.mixim.modules.transport.Aggregation.html" title="Simple Module Aggregation" alt="Aggregation" coords="223,16,305,40">
<area shape="rect" href="org.mixim.modules.mac.AlohaMacLayer.html" title="Simple Module AlohaMacLayer" alt="AlohaMacLayer" coords="329,16,433,40">
<area shape="rect" href="org.mixim.examples.analogueModels.AnalogueModels.html" title="Network AnalogueModels" alt="AnalogueModels" coords="457,16,567,40">
<area shape="rect" href="org.mixim.examples.multiConnectionManager.PhyMacHost.html" title="Compound Module PhyMacHost" alt="PhyMacHost" coords="717,88,803,112">
<area shape="rect" href="inet.mobility.models.ANSimMobility.html" title="Simple Module ANSimMobility" alt="ANSimMobility" coords="1105,16,1204,40">
<area shape="rect" href="org.mixim.modules.netw.ArpHost.html" title="Simple Module ArpHost" alt="ArpHost" coords="1228,16,1300,40">
<area shape="rect" href="org.mixim.base.modules.BaseArp.html" title="Simple Module BaseArp" alt="BaseArp" coords="1324,16,1396,40">
<area shape="rect" href="org.mixim.base.modules.BaseBattery.html" title="Simple Module BaseBattery" alt="BaseBattery" coords="1420,16,1503,40">
<area shape="rect" href="org.mixim.base.modules.BaseLayer.html" title="Simple Module BaseLayer" alt="BaseLayer" coords="1527,16,1599,40">
<area shape="rect" href="org.mixim.base.modules.BaseMacLayer.html" title="Simple Module BaseMacLayer" alt="BaseMacLayer" coords="1623,16,1721,40">
<area shape="rect" href="org.mixim.base.modules.BaseNetwLayer.html" title="Simple Module BaseNetwLayer" alt="BaseNetwLayer" coords="1745,16,1847,40">
<area shape="rect" href="org.mixim.base.modules.BaseNetwork.html" title="Network BaseNetwork" alt="BaseNetwork" coords="1871,16,1959,40">
<area shape="rect" href="org.mixim.base.connectionManager.IConnectionManager.html" title="Module Interface IConnectionManager" alt="IConnectionManager" coords="1787,88,1915,112">
<area shape="rect" href="org.mixim.base.modules.IWorldUtility.html" title="Module Interface IWorldUtility" alt="IWorldUtility" coords="1939,88,2019,112">
<area shape="rect" href="org.mixim.base.phyLayer.BasePhyLayer.html" title="Simple Module BasePhyLayer" alt="BasePhyLayer" coords="1983,16,2079,40">
<area shape="rect" href="org.mixim.base.modules.BaseWorldUtility.html" title="Simple Module BaseWorldUtility" alt="BaseWorldUtility" coords="2103,16,2209,40">
<area shape="rect" href="org.mixim.modules.power.battery.BatteryStats.html" title="Simple Module BatteryStats" alt="BatteryStats" coords="2175,88,2257,112">
<area shape="rect" href="org.mixim.modules.node.WirelessNodeBattery.html" title="Compound Module WirelessNodeBattery" alt="WirelessNodeBattery" coords="2233,16,2367,40">
<area shape="rect" href="org.mixim.modules.power.battery.SimpleBattery.html" title="Simple Module SimpleBattery" alt="SimpleBattery" coords="2281,88,2375,112">
<area shape="rect" href="org.mixim.examples.bmac.BMACExampleNetwork.html" title="Network BMACExampleNetwork" alt="BMACExampleNetwork" coords="2391,16,2537,40">
<area shape="rect" href="org.mixim.modules.node.HostBMAC.html" title="Compound Module HostBMAC" alt="HostBMAC" coords="2427,88,2501,112">
<area shape="rect" href="org.mixim.modules.mac.BMacLayer.html" title="Simple Module BMacLayer" alt="BMacLayer" coords="2561,16,2639,40">
<area shape="rect" href="inet.mobility.models.BonnMotionMobility.html" title="Simple Module BonnMotionMobility" alt="BonnMotionMobility" coords="2663,16,2788,40">
<area shape="rect" href="org.mixim.modules.application.BurstApplLayer.html" title="Simple Module BurstApplLayer" alt="BurstApplLayer" coords="2812,16,2913,40">
<area shape="rect" href="org.mixim.modules.application.BurstApplLayerBattery.html" title="Simple Module BurstApplLayerBattery" alt="BurstApplLayerBattery" coords="2937,16,3079,40">
<area shape="rect" href="inet.mobility.models.ChiangMobility.html" title="Simple Module ChiangMobility" alt="ChiangMobility" coords="3103,16,3199,40">
<area shape="rect" href="inet.mobility.models.CircleMobility.html" title="Simple Module CircleMobility" alt="CircleMobility" coords="3223,16,3311,40">
<area shape="rect" href="org.mixim.base.connectionManager.ConnectionManager.html" title="Simple Module ConnectionManager" alt="ConnectionManager" coords="941,88,1067,112">
<area shape="rect" href="org.mixim.examples.multiConnectionManager.MultiConnectionManager.html" title="Network MultiConnectionManager" alt="MultiConnectionManager" coords="927,16,1081,40">
<area shape="rect" href="inet.mobility.models.ConstSpeedMobility.html" title="Simple Module ConstSpeedMobility" alt="ConstSpeedMobility" coords="3335,16,3460,40">
<area shape="rect" href="org.mixim.modules.mac.csma.html" title="Simple Module csma" alt="csma" coords="3484,16,3556,40">
<area shape="rect" href="org.mixim.modules.mac.CSMA802154.html" title="Simple Module CSMA802154" alt="CSMA802154" coords="3580,16,3671,40">
<area shape="rect" href="org.mixim.examples.CSMAMac.CSMAMacExampleNetwork.html" title="Network CSMAMacExampleNetwork" alt="CSMAMacExampleNetwork" coords="591,16,761,40">
<area shape="rect" href="org.mixim.modules.mac.CSMAMacLayer.html" title="Simple Module CSMAMacLayer" alt="CSMAMacLayer" coords="3695,16,3801,40">
<area shape="rect" href="ned.DatarateChannel.html" title="Channel DatarateChannel" alt="DatarateChannel" coords="3825,16,3932,40">
<area shape="rect" href="ned.DelayChannel.html" title="Channel DelayChannel" alt="DelayChannel" coords="3956,16,4047,40">
<area shape="rect" href="org.mixim.modules.netw.DummyRoute.html" title="Simple Module DummyRoute" alt="DummyRoute" coords="4071,16,4159,40">
<area shape="rect" href="org.mixim.modules.netw.Flood.html" title="Simple Module Flood" alt="Flood" coords="4183,16,4255,40">
<area shape="rect" href="inet.mobility.models.GaussMarkovMobility.html" title="Simple Module GaussMarkovMobility" alt="GaussMarkovMobility" coords="4279,16,4412,40">
<area shape="rect" href="org.mixim.modules.node.Host80211.html" title="Compound Module Host80211" alt="Host80211" coords="4471,88,4543,112">
<area shape="rect" href="org.mixim.examples.Mac80211.Mac80211ExampleNet.html" title="Network Mac80211ExampleNet" alt="Mac80211ExampleNet" coords="4436,16,4577,40">
<area shape="rect" href="org.mixim.modules.node.Host802154_2400MHz.html" title="Compound Module Host802154_2400MHz" alt="Host802154_2400MHz" coords="4573,88,4715,112">
<area shape="rect" href="org.mixim.examples.WSNRouting.WSNRouting.html" title="Network WSNRouting" alt="WSNRouting" coords="4601,16,4687,40">
<area shape="rect" href="org.mixim.modules.node.Host802154A.html" title="Compound Module Host802154A" alt="Host802154A" coords="4739,88,4829,112">
<area shape="rect" href="org.mixim.modules.utility.phyPER.html" title="Simple Module phyPER" alt="phyPER" coords="4748,160,4820,184">
<area shape="rect" href="org.mixim.examples.ieee802154a.ieee802154a.html" title="Network ieee802154a" alt="ieee802154a" coords="4743,16,4825,40">
<area shape="rect" href="org.mixim.modules.node.HostLMAC.html" title="Compound Module HostLMAC" alt="HostLMAC" coords="4885,88,4957,112">
<area shape="rect" href="org.mixim.examples.lmac.LMACExampleNetwork.html" title="Network LMACExampleNetwork" alt="LMACExampleNetwork" coords="4849,16,4993,40">
<area shape="rect" href="org.mixim.base.modules.IBaseApplLayer.html" title="Module Interface IBaseApplLayer" alt="IBaseApplLayer" coords="5199,160,5300,184">
<area shape="rect" href="org.mixim.modules.node.WirelessNode.html" title="Compound Module WirelessNode" alt="WirelessNode" coords="5369,88,5463,112">
<area shape="rect" href="org.mixim.base.modules.IBaseArp.html" title="Module Interface IBaseArp" alt="IBaseArp" coords="5324,160,5396,184">
<area shape="rect" href="org.mixim.base.modules.IBaseNetwLayer.html" title="Module Interface IBaseNetwLayer" alt="IBaseNetwLayer" coords="5420,160,5524,184">
<area shape="rect" href="ned.IdealChannel.html" title="Channel IdealChannel" alt="IdealChannel" coords="5089,160,5175,184">
<area shape="rect" href="inet.mobility.IMobility.html" title="Module Interface IMobility" alt="IMobility" coords="5548,160,5620,184">
<area shape="rect" href="org.mixim.modules.nic.IWirelessNicUpperCtrl.html" title="Module Interface IWirelessNicUpperCtrl" alt="IWirelessNicUpperCtrl" coords="5644,160,5780,184">
<area shape="rect" href="ned.IBidirectionalChannel.html" title="Module Interface IBidirectionalChannel" alt="IBidirectionalChannel" coords="5496,16,5627,40">
<area shape="rect" href="org.mixim.modules.nic.WirelessNic.html" title="Compound Module WirelessNic" alt="WirelessNic" coords="4981,88,5061,112">
<area shape="rect" href="org.mixim.base.modules.IWirelessMac.html" title="Module Interface IWirelessMac" alt="IWirelessMac" coords="4865,160,4953,184">
<area shape="rect" href="org.mixim.base.phyLayer.IWirelessPhy.html" title="Module Interface IWirelessPhy" alt="IWirelessPhy" coords="4977,160,5065,184">
<area shape="rect" href="org.mixim.examples.ieee802154Narrow.ieee802154Narrow.html" title="Network ieee802154Narrow" alt="ieee802154Narrow" coords="785,16,903,40">
<area shape="rect" href="inet.linklayer.INic.html" title="Module Interface INic" alt="INic" coords="5651,16,5723,40">
<area shape="rect" href="inet.networklayer.common.InterfaceTable.html" title="Simple Module InterfaceTable" alt="InterfaceTable" coords="5747,16,5835,40">
<area shape="rect" href="ned.IUnidirectionalChannel.html" title="Module Interface IUnidirectionalChannel" alt="IUnidirectionalChannel" coords="5859,16,5997,40">
<area shape="rect" href="inet.linklayer.IWirelessNic.html" title="Module Interface IWirelessNic" alt="IWirelessNic" coords="6021,16,6104,40">
<area shape="rect" href="inet.mobility.models.LinearMobility.html" title="Simple Module LinearMobility" alt="LinearMobility" coords="6128,16,6219,40">
<area shape="rect" href="inet.mobility.models.LinearNodeDistributionMobility.html" title="Simple Module LinearNodeDistributionMobility" alt="LinearNodeDistributionMobility" coords="6243,16,6427,40">
<area shape="rect" href="org.mixim.modules.mac.LMacLayer.html" title="Simple Module LMacLayer" alt="LMacLayer" coords="6451,16,6525,40">
<area shape="rect" href="org.mixim.modules.mac.Mac80211.html" title="Simple Module Mac80211" alt="Mac80211" coords="6549,16,6621,40">
<area shape="rect" href="org.mixim.modules.mac.Mac80211MultiChannel.html" title="Simple Module Mac80211MultiChannel" alt="Mac80211MultiChannel" coords="6645,16,6789,40">
<area shape="rect" href="inet.mobility.models.MassMobility.html" title="Simple Module MassMobility" alt="MassMobility" coords="6813,16,6901,40">
<area shape="rect" href="inet.mobility.models.MoBANCoordinator.html" title="Simple Module MoBANCoordinator" alt="MoBANCoordinator" coords="6925,16,7048,40">
<area shape="rect" href="inet.mobility.models.MoBANLocal.html" title="Simple Module MoBANLocal" alt="MoBANLocal" coords="7072,16,7157,40">
<area shape="rect" href="inet.mobility.models.MobilityBase.html" title="Simple Module MobilityBase" alt="MobilityBase" coords="7181,16,7267,40">
<area shape="rect" href="inet.mobility.models.MovingMobilityBase.html" title="Simple Module MovingMobilityBase" alt="MovingMobilityBase" coords="7291,16,7416,40">
<area shape="rect" href="org.mixim.examples.ieee802154Narrow.NetworkStackTrafficGen.html" title="Simple Module NetworkStackTrafficGen" alt="NetworkStackTrafficGen" coords="7440,16,7589,40">
<area shape="rect" href="org.mixim.modules.nic.Nic80211.html" title="Compound Module Nic80211" alt="Nic80211" coords="7613,16,7685,40">
<area shape="rect" href="org.mixim.modules.nic.Nic80211Battery.html" title="Compound Module Nic80211Battery" alt="Nic80211Battery" coords="7709,16,7813,40">
<area shape="rect" href="org.mixim.modules.nic.Nic80211MultiChannel.html" title="Compound Module Nic80211MultiChannel" alt="Nic80211MultiChannel" coords="7837,16,7976,40">
<area shape="rect" href="org.mixim.modules.nic.Nic802154_TI_CC1100.html" title="Compound Module Nic802154_TI_CC1100" alt="Nic802154_TI_CC1100" coords="8000,16,8141,40">
<area shape="rect" href="org.mixim.modules.nic.Nic802154_TI_CC2420.html" title="Compound Module Nic802154_TI_CC2420" alt="Nic802154_TI_CC2420" coords="8165,16,8307,40">
<area shape="rect" href="org.mixim.modules.nic.Nic802154A.html" title="Compound Module Nic802154A" alt="Nic802154A" coords="8331,16,8413,40">
<area shape="rect" href="org.mixim.modules.nic.NicBMAC.html" title="Compound Module NicBMAC" alt="NicBMAC" coords="8437,16,8509,40">
<area shape="rect" href="org.mixim.modules.nic.NicCSMA.html" title="Compound Module NicCSMA" alt="NicCSMA" coords="8533,16,8605,40">
<area shape="rect" href="org.mixim.modules.nic.NicLMAC.html" title="Compound Module NicLMAC" alt="NicLMAC" coords="8629,16,8701,40">
<area shape="rect" href="inet.base.NotificationBoard.html" title="Simple Module NotificationBoard" alt="NotificationBoard" coords="8725,16,8835,40">
<area shape="rect" href="inet.mobility.models.Ns2MotionMobility.html" title="Simple Module Ns2MotionMobility" alt="Ns2MotionMobility" coords="8859,16,8976,40">
<area shape="rect" href="org.mixim.modules.phy.PhyLayer.html" title="Simple Module PhyLayer" alt="PhyLayer" coords="9000,16,9072,40">
<area shape="rect" href="org.mixim.modules.phy.PhyLayerBattery.html" title="Simple Module PhyLayerBattery" alt="PhyLayerBattery" coords="9096,16,9203,40">
<area shape="rect" href="org.mixim.modules.phy.PhyLayerUWBIR.html" title="Simple Module PhyLayerUWBIR" alt="PhyLayerUWBIR" coords="9227,16,9336,40">
<area shape="rect" href="org.mixim.examples.CSMAMac.PhyMacNic.html" title="Compound Module PhyMacNic" alt="PhyMacNic" coords="9360,16,9437,40">
<area shape="rect" href="org.mixim.modules.netw.ProbabilisticBroadcast.html" title="Simple Module ProbabilisticBroadcast" alt="ProbabilisticBroadcast" coords="9461,16,9603,40">
<area shape="rect" href="inet.mobility.models.RandomWPMobility.html" title="Simple Module RandomWPMobility" alt="RandomWPMobility" coords="9627,16,9752,40">
<area shape="rect" href="inet.mobility.models.RectangleMobility.html" title="Simple Module RectangleMobility" alt="RectangleMobility" coords="9776,16,9888,40">
<area shape="rect" href="org.mixim.examples.analogueModels.SamplePhyLayer.html" title="Simple Module SamplePhyLayer" alt="SamplePhyLayer" coords="9912,16,10021,40">
<area shape="rect" href="org.mixim.modules.application.SensorApplLayer.html" title="Simple Module SensorApplLayer" alt="SensorApplLayer" coords="10045,16,10155,40">
<area shape="rect" href="org.mixim.examples.analogueModels.SimpleMacLayer.html" title="Simple Module SimpleMacLayer" alt="SimpleMacLayer" coords="10179,16,10288,40">
<area shape="rect" href="org.mixim.examples.CSMAMac.SimpleNetwLayer.html" title="Simple Module SimpleNetwLayer" alt="SimpleNetwLayer" coords="10312,16,10424,40">
<area shape="rect" href="org.mixim.modules.utility.SimTracer.html" title="Simple Module SimTracer" alt="SimTracer" coords="10448,16,10520,40">
<area shape="rect" href="inet.mobility.models.StaticGridMobility.html" title="Simple Module StaticGridMobility" alt="StaticGridMobility" coords="10544,16,10656,40">
<area shape="rect" href="inet.mobility.models.StationaryMobility.html" title="Simple Module StationaryMobility" alt="StationaryMobility" coords="10680,16,10795,40">
<area shape="rect" href="org.mixim.modules.application.TestApplication.html" title="Simple Module TestApplication" alt="TestApplication" coords="10819,16,10917,40">
<area shape="rect" href="org.mixim.examples.baseNetwork.TestBaseNetwork.html" title="Network TestBaseNetwork" alt="TestBaseNetwork" coords="5360,16,5472,40">
<area shape="rect" href="inet.mobility.models.TraCIMobility.html" title="Simple Module TraCIMobility" alt="TraCIMobility" coords="10941,16,11027,40">
<area shape="rect" href="inet.mobility.models.TractorMobility.html" title="Simple Module TractorMobility" alt="TractorMobility" coords="11051,16,11147,40">
<area shape="rect" href="org.mixim.modules.application.TrafficGen.html" title="Simple Module TrafficGen" alt="TrafficGen" coords="11171,16,11243,40">
<area shape="rect" href="inet.mobility.models.TurtleMobility.html" title="Simple Module TurtleMobility" alt="TurtleMobility" coords="11267,16,11355,40">
<area shape="rect" href="org.mixim.modules.connectionManager.UnitDisk.html" title="Simple Module UnitDisk" alt="UnitDisk" coords="11379,16,11451,40">
<area shape="rect" href="org.mixim.modules.mac.UWBIRMac.html" title="Simple Module UWBIRMac" alt="UWBIRMac" coords="11475,16,11552,40">
<area shape="rect" href="org.mixim.modules.nic.WirelessNicBattery.html" title="Compound Module WirelessNicBattery" alt="WirelessNicBattery" coords="11576,16,11699,40">
<area shape="rect" href="org.mixim.modules.node.WirelessNodeBatteryNetwl.html" title="Compound Module WirelessNodeBatteryNetwl" alt="WirelessNodeBatteryNetwl" coords="11723,16,11888,40">
<area shape="rect" href="org.mixim.modules.node.WirelessNodeBatteryPlusTran.html" title="Compound Module WirelessNodeBatteryPlusTran" alt="WirelessNodeBatteryPlusTran" coords="11912,16,12096,40">
<area shape="rect" href="org.mixim.modules.node.WirelessNodeNetwl.html" title="Compound Module WirelessNodeNetwl" alt="WirelessNodeNetwl" coords="12120,16,12245,40">
<area shape="rect" href="org.mixim.modules.node.WirelessNodePlusTran.html" title="Compound Module WirelessNodePlusTran" alt="WirelessNodePlusTran" coords="12269,16,12413,40">
<area shape="rect" href="org.mixim.modules.netw.WiseRoute.html" title="Simple Module WiseRoute" alt="WiseRoute" coords="12437,16,12512,40">
<area shape="rect" href="org.mixim.examples.ieee802154Narrow.WorldUtilityStats.html" title="Simple Module WorldUtilityStats" alt="WorldUtilityStats" coords="12536,16,12645,40">
