<area shape="rect" href="org.mixim.modules.netw.AdaptiveProbabilisticBroadcast.html" title="Simple Module AdaptiveProbabilisticBroadcast" alt="AdaptiveProbabilisticBroadcast" coords="389,232,581,256">
<area shape="rect" href="org.mixim.modules.netw.ProbabilisticBroadcast.html" title="Simple Module ProbabilisticBroadcast" alt="ProbabilisticBroadcast" coords="415,160,556,184">
<area shape="rect" href="org.mixim.modules.transport.Aggregation.html" title="Simple Module Aggregation" alt="Aggregation" coords="328,88,411,112">
<area shape="rect" href="org.mixim.base.modules.BaseLayer.html" title="Simple Module BaseLayer" alt="BaseLayer" coords="449,16,521,40">
<area shape="rect" href="org.mixim.base.modules.BaseMacLayer.html" title="Simple Module BaseMacLayer" alt="BaseMacLayer" coords="1047,88,1145,112">
<area shape="rect" href="org.mixim.base.modules.BaseNetwLayer.html" title="Simple Module BaseNetwLayer" alt="BaseNetwLayer" coords="435,88,536,112">
<area shape="rect" href="org.mixim.base.modules.IBaseNetwLayer.html" title="Module Interface IBaseNetwLayer" alt="IBaseNetwLayer" coords="320,16,424,40">
<area shape="rect" href="org.mixim.modules.mac.AlohaMacLayer.html" title="Simple Module AlohaMacLayer" alt="AlohaMacLayer" coords="1103,232,1207,256">
<area shape="rect" href="org.mixim.modules.mac.UWBIRMac.html" title="Simple Module UWBIRMac" alt="UWBIRMac" coords="1116,160,1193,184">
<area shape="rect" href="org.mixim.examples.analogueModels.AnalogueModels.html" title="Network AnalogueModels" alt="AnalogueModels" coords="1351,88,1460,112">
<area shape="rect" href="org.mixim.base.modules.BaseNetwork.html" title="Network BaseNetwork" alt="BaseNetwork" coords="2048,16,2136,40">
<area shape="rect" href="org.mixim.examples.bmac.BMACExampleNetwork.html" title="Network BMACExampleNetwork" alt="BMACExampleNetwork" coords="1484,88,1631,112">
<area shape="rect" href="org.mixim.examples.CSMAMac.CSMAMacExampleNetwork.html" title="Network CSMAMacExampleNetwork" alt="CSMAMacExampleNetwork" coords="1655,88,1825,112">
<area shape="rect" href="org.mixim.examples.ieee802154a.ieee802154a.html" title="Network ieee802154a" alt="ieee802154a" coords="1849,88,1932,112">
<area shape="rect" href="org.mixim.examples.ieee802154Narrow.ieee802154Narrow.html" title="Network ieee802154Narrow" alt="ieee802154Narrow" coords="1956,88,2073,112">
<area shape="rect" href="org.mixim.examples.lmac.LMACExampleNetwork.html" title="Network LMACExampleNetwork" alt="LMACExampleNetwork" coords="2097,88,2241,112">
<area shape="rect" href="org.mixim.examples.Mac80211.Mac80211ExampleNet.html" title="Network Mac80211ExampleNet" alt="Mac80211ExampleNet" coords="2265,88,2407,112">
<area shape="rect" href="org.mixim.examples.multiConnectionManager.MultiConnectionManager.html" title="Network MultiConnectionManager" alt="MultiConnectionManager" coords="2431,88,2585,112">
<area shape="rect" href="org.mixim.examples.baseNetwork.TestBaseNetwork.html" title="Network TestBaseNetwork" alt="TestBaseNetwork" coords="2609,88,2721,112">
<area shape="rect" href="org.mixim.examples.WSNRouting.WSNRouting.html" title="Network WSNRouting" alt="WSNRouting" coords="2745,88,2831,112">
<area shape="rect" href="inet.mobility.models.ANSimMobility.html" title="Simple Module ANSimMobility" alt="ANSimMobility" coords="1424,232,1523,256">
<area shape="rect" href="inet.mobility.models.MovingMobilityBase.html" title="Simple Module MovingMobilityBase" alt="MovingMobilityBase" coords="2395,160,2520,184">
<area shape="rect" href="inet.mobility.models.BonnMotionMobility.html" title="Simple Module BonnMotionMobility" alt="BonnMotionMobility" coords="1547,232,1672,256">
<area shape="rect" href="inet.mobility.models.ChiangMobility.html" title="Simple Module ChiangMobility" alt="ChiangMobility" coords="1696,232,1792,256">
<area shape="rect" href="inet.mobility.models.CircleMobility.html" title="Simple Module CircleMobility" alt="CircleMobility" coords="1816,232,1904,256">
<area shape="rect" href="inet.mobility.models.ConstSpeedMobility.html" title="Simple Module ConstSpeedMobility" alt="ConstSpeedMobility" coords="1928,232,2053,256">
<area shape="rect" href="inet.mobility.models.GaussMarkovMobility.html" title="Simple Module GaussMarkovMobility" alt="GaussMarkovMobility" coords="2077,232,2211,256">
<area shape="rect" href="inet.mobility.models.LinearMobility.html" title="Simple Module LinearMobility" alt="LinearMobility" coords="2235,232,2325,256">
<area shape="rect" href="inet.mobility.models.MassMobility.html" title="Simple Module MassMobility" alt="MassMobility" coords="2349,232,2437,256">
<area shape="rect" href="inet.mobility.models.MoBANCoordinator.html" title="Simple Module MoBANCoordinator" alt="MoBANCoordinator" coords="2461,232,2584,256">
<area shape="rect" href="inet.mobility.models.MoBANLocal.html" title="Simple Module MoBANLocal" alt="MoBANLocal" coords="2608,232,2693,256">
<area shape="rect" href="inet.mobility.models.Ns2MotionMobility.html" title="Simple Module Ns2MotionMobility" alt="Ns2MotionMobility" coords="2717,232,2835,256">
<area shape="rect" href="inet.mobility.models.RandomWPMobility.html" title="Simple Module RandomWPMobility" alt="RandomWPMobility" coords="2859,232,2984,256">
<area shape="rect" href="inet.mobility.models.RectangleMobility.html" title="Simple Module RectangleMobility" alt="RectangleMobility" coords="3008,232,3120,256">
<area shape="rect" href="inet.mobility.models.TractorMobility.html" title="Simple Module TractorMobility" alt="TractorMobility" coords="3144,232,3240,256">
<area shape="rect" href="inet.mobility.models.TurtleMobility.html" title="Simple Module TurtleMobility" alt="TurtleMobility" coords="3264,232,3352,256">
<area shape="rect" href="org.mixim.modules.netw.ArpHost.html" title="Simple Module ArpHost" alt="ArpHost" coords="3349,160,3421,184">
<area shape="rect" href="org.mixim.base.modules.BaseArp.html" title="Simple Module BaseArp" alt="BaseArp" coords="3349,88,3421,112">
<area shape="rect" href="org.mixim.base.modules.IBaseArp.html" title="Module Interface IBaseArp" alt="IBaseArp" coords="3349,16,3421,40">
<area shape="rect" href="org.mixim.base.modules.BaseBattery.html" title="Simple Module BaseBattery" alt="BaseBattery" coords="3521,16,3604,40">
<area shape="rect" href="org.mixim.modules.power.battery.SimpleBattery.html" title="Simple Module SimpleBattery" alt="SimpleBattery" coords="3516,88,3609,112">
<area shape="rect" href="org.mixim.modules.mac.BMacLayer.html" title="Simple Module BMacLayer" alt="BMacLayer" coords="1217,160,1295,184">
<area shape="rect" href="org.mixim.modules.mac.csma.html" title="Simple Module csma" alt="csma" coords="1319,160,1391,184">
<area shape="rect" href="org.mixim.modules.mac.CSMAMacLayer.html" title="Simple Module CSMAMacLayer" alt="CSMAMacLayer" coords="1415,160,1521,184">
<area shape="rect" href="org.mixim.modules.mac.LMacLayer.html" title="Simple Module LMacLayer" alt="LMacLayer" coords="788,160,863,184">
<area shape="rect" href="org.mixim.modules.mac.Mac80211.html" title="Simple Module Mac80211" alt="Mac80211" coords="887,160,959,184">
<area shape="rect" href="org.mixim.examples.analogueModels.SimpleMacLayer.html" title="Simple Module SimpleMacLayer" alt="SimpleMacLayer" coords="983,160,1092,184">
<area shape="rect" href="org.mixim.modules.netw.DummyRoute.html" title="Simple Module DummyRoute" alt="DummyRoute" coords="580,160,668,184">
<area shape="rect" href="org.mixim.modules.netw.Flood.html" title="Simple Module Flood" alt="Flood" coords="692,160,764,184">
<area shape="rect" href="org.mixim.examples.ieee802154Narrow.NetworkStackTrafficGen.html" title="Simple Module NetworkStackTrafficGen" alt="NetworkStackTrafficGen" coords="7,160,156,184">
<area shape="rect" href="org.mixim.examples.CSMAMac.SimpleNetwLayer.html" title="Simple Module SimpleNetwLayer" alt="SimpleNetwLayer" coords="180,160,292,184">
<area shape="rect" href="org.mixim.modules.netw.WiseRoute.html" title="Simple Module WiseRoute" alt="WiseRoute" coords="316,160,391,184">
<area shape="rect" href="org.mixim.base.modules.IWirelessMac.html" title="Module Interface IWirelessMac" alt="IWirelessMac" coords="1052,16,1140,40">
<area shape="rect" href="org.mixim.modules.mac.CSMA802154.html" title="Simple Module CSMA802154" alt="CSMA802154" coords="1309,232,1400,256">
<area shape="rect" href="org.mixim.modules.mac.Mac80211MultiChannel.html" title="Simple Module Mac80211MultiChannel" alt="Mac80211MultiChannel" coords="851,232,995,256">
<area shape="rect" href="org.mixim.base.phyLayer.BasePhyLayer.html" title="Simple Module BasePhyLayer" alt="BasePhyLayer" coords="3704,88,3800,112">
<area shape="rect" href="org.mixim.modules.phy.PhyLayer.html" title="Simple Module PhyLayer" alt="PhyLayer" coords="3601,160,3673,184">
<area shape="rect" href="org.mixim.modules.phy.PhyLayerUWBIR.html" title="Simple Module PhyLayerUWBIR" alt="PhyLayerUWBIR" coords="3697,160,3807,184">
<area shape="rect" href="org.mixim.examples.analogueModels.SamplePhyLayer.html" title="Simple Module SamplePhyLayer" alt="SamplePhyLayer" coords="3831,160,3940,184">
<area shape="rect" href="org.mixim.base.phyLayer.IWirelessPhy.html" title="Module Interface IWirelessPhy" alt="IWirelessPhy" coords="3708,16,3796,40">
<area shape="rect" href="org.mixim.modules.phy.PhyLayerBattery.html" title="Simple Module PhyLayerBattery" alt="PhyLayerBattery" coords="3584,232,3691,256">
<area shape="rect" href="org.mixim.base.modules.BaseWorldUtility.html" title="Simple Module BaseWorldUtility" alt="BaseWorldUtility" coords="3965,88,4072,112">
<area shape="rect" href="org.mixim.examples.ieee802154Narrow.WorldUtilityStats.html" title="Simple Module WorldUtilityStats" alt="WorldUtilityStats" coords="3964,160,4073,184">
<area shape="rect" href="org.mixim.base.modules.IWorldUtility.html" title="Module Interface IWorldUtility" alt="IWorldUtility" coords="3979,16,4059,40">
<area shape="rect" href="org.mixim.modules.power.battery.BatteryStats.html" title="Simple Module BatteryStats" alt="BatteryStats" coords="4176,16,4259,40">
<area shape="rect" href="org.mixim.modules.application.BurstApplLayer.html" title="Simple Module BurstApplLayer" alt="BurstApplLayer" coords="4117,88,4219,112">
<area shape="rect" href="org.mixim.modules.application.BurstApplLayerBattery.html" title="Simple Module BurstApplLayerBattery" alt="BurstApplLayerBattery" coords="4097,160,4239,184">
<area shape="rect" href="org.mixim.base.modules.IBaseApplLayer.html" title="Module Interface IBaseApplLayer" alt="IBaseApplLayer" coords="4311,16,4412,40">
<area shape="rect" href="org.mixim.modules.application.SensorApplLayer.html" title="Simple Module SensorApplLayer" alt="SensorApplLayer" coords="4243,88,4352,112">
<area shape="rect" href="org.mixim.modules.application.TestApplication.html" title="Simple Module TestApplication" alt="TestApplication" coords="4376,88,4475,112">
<area shape="rect" href="org.mixim.modules.application.TrafficGen.html" title="Simple Module TrafficGen" alt="TrafficGen" coords="4499,88,4571,112">
<area shape="rect" href="org.mixim.base.connectionManager.ConnectionManager.html" title="Simple Module ConnectionManager" alt="ConnectionManager" coords="4595,88,4720,112">
<area shape="rect" href="org.mixim.modules.connectionManager.UnitDisk.html" title="Simple Module UnitDisk" alt="UnitDisk" coords="4621,160,4693,184">
<area shape="rect" href="org.mixim.base.connectionManager.IConnectionManager.html" title="Module Interface IConnectionManager" alt="IConnectionManager" coords="4593,16,4721,40">
<area shape="rect" href="ned.DatarateChannel.html" title="Channel DatarateChannel" alt="DatarateChannel" coords="4849,16,4956,40">
<area shape="rect" href="ned.DelayChannel.html" title="Channel DelayChannel" alt="DelayChannel" coords="5185,16,5276,40">
<area shape="rect" href="org.mixim.modules.node.Host80211.html" title="Compound Module Host80211" alt="Host80211" coords="5012,88,5084,112">
<area shape="rect" href="org.mixim.modules.node.WirelessNode.html" title="Compound Module WirelessNode" alt="WirelessNode" coords="5403,16,5496,40">
<area shape="rect" href="org.mixim.modules.node.WirelessNodeBattery.html" title="Compound Module WirelessNodeBattery" alt="WirelessNodeBattery" coords="5108,88,5241,112">
<area shape="rect" href="org.mixim.examples.multiConnectionManager.PhyMacHost.html" title="Compound Module PhyMacHost" alt="PhyMacHost" coords="5407,232,5492,256">
<area shape="rect" href="org.mixim.modules.node.WirelessNodeNetwl.html" title="Compound Module WirelessNodeNetwl" alt="WirelessNodeNetwl" coords="5499,88,5624,112">
<area shape="rect" href="org.mixim.modules.node.WirelessNodePlusTran.html" title="Compound Module WirelessNodePlusTran" alt="WirelessNodePlusTran" coords="5648,88,5792,112">
<area shape="rect" href="org.mixim.modules.node.Host802154_2400MHz.html" title="Compound Module Host802154_2400MHz" alt="Host802154_2400MHz" coords="4739,232,4880,256">
<area shape="rect" href="org.mixim.modules.node.WirelessNodeBatteryPlusTran.html" title="Compound Module WirelessNodeBatteryPlusTran" alt="WirelessNodeBatteryPlusTran" coords="4717,160,4901,184">
<area shape="rect" href="org.mixim.modules.node.Host802154A.html" title="Compound Module Host802154A" alt="Host802154A" coords="4925,160,5016,184">
<area shape="rect" href="org.mixim.modules.node.HostBMAC.html" title="Compound Module HostBMAC" alt="HostBMAC" coords="5040,160,5115,184">
<area shape="rect" href="org.mixim.modules.node.HostLMAC.html" title="Compound Module HostLMAC" alt="HostLMAC" coords="5139,160,5211,184">
<area shape="rect" href="org.mixim.modules.node.WirelessNodeBatteryNetwl.html" title="Compound Module WirelessNodeBatteryNetwl" alt="WirelessNodeBatteryNetwl" coords="5235,160,5400,184">
<area shape="rect" href="ned.IBidirectionalChannel.html" title="Module Interface IBidirectionalChannel" alt="IBidirectionalChannel" coords="5529,16,5660,40">
<area shape="rect" href="ned.IdealChannel.html" title="Channel IdealChannel" alt="IdealChannel" coords="5703,16,5788,40">
<area shape="rect" href="inet.mobility.IMobility.html" title="Module Interface IMobility" alt="IMobility" coords="2923,16,2995,40">
<area shape="rect" href="inet.mobility.models.MobilityBase.html" title="Simple Module MobilityBase" alt="MobilityBase" coords="2916,88,3001,112">
<area shape="rect" href="inet.mobility.models.StationaryMobility.html" title="Simple Module StationaryMobility" alt="StationaryMobility" coords="2825,160,2940,184">
<area shape="rect" href="inet.mobility.models.StaticGridMobility.html" title="Simple Module StaticGridMobility" alt="StaticGridMobility" coords="2964,160,3076,184">
<area shape="rect" href="inet.mobility.models.TraCIMobility.html" title="Simple Module TraCIMobility" alt="TraCIMobility" coords="3100,160,3185,184">
<area shape="rect" href="inet.linklayer.INic.html" title="Module Interface INic" alt="INic" coords="5821,16,5893,40">
<area shape="rect" href="inet.linklayer.IWirelessNic.html" title="Module Interface IWirelessNic" alt="IWirelessNic" coords="5816,88,5899,112">
<area shape="rect" href="org.mixim.modules.nic.IWirelessNicUpperCtrl.html" title="Module Interface IWirelessNicUpperCtrl" alt="IWirelessNicUpperCtrl" coords="5789,160,5925,184">
<area shape="rect" href="inet.networklayer.common.InterfaceTable.html" title="Simple Module InterfaceTable" alt="InterfaceTable" coords="5917,16,6005,40">
<area shape="rect" href="ned.IUnidirectionalChannel.html" title="Module Interface IUnidirectionalChannel" alt="IUnidirectionalChannel" coords="6029,16,6168,40">
<area shape="rect" href="org.mixim.modules.nic.WirelessNic.html" title="Compound Module WirelessNic" alt="WirelessNic" coords="5817,232,5897,256">
<area shape="rect" href="org.mixim.modules.nic.Nic80211.html" title="Compound Module Nic80211" alt="Nic80211" coords="5579,304,5651,328">
<area shape="rect" href="org.mixim.modules.nic.WirelessNicBattery.html" title="Compound Module WirelessNicBattery" alt="WirelessNicBattery" coords="5675,304,5797,328">
<area shape="rect" href="org.mixim.modules.nic.NicCSMA.html" title="Compound Module NicCSMA" alt="NicCSMA" coords="5821,304,5893,328">
<area shape="rect" href="org.mixim.examples.CSMAMac.PhyMacNic.html" title="Compound Module PhyMacNic" alt="PhyMacNic" coords="5917,304,5995,328">
<area shape="rect" href="inet.mobility.models.LinearNodeDistributionMobility.html" title="Simple Module LinearNodeDistributionMobility" alt="LinearNodeDistributionMobility" coords="3376,232,3560,256">
<area shape="rect" href="org.mixim.modules.nic.Nic80211Battery.html" title="Compound Module Nic80211Battery" alt="Nic80211Battery" coords="5209,376,5313,400">
<area shape="rect" href="org.mixim.modules.nic.Nic80211MultiChannel.html" title="Compound Module Nic80211MultiChannel" alt="Nic80211MultiChannel" coords="5337,376,5476,400">
<area shape="rect" href="org.mixim.modules.nic.Nic802154_TI_CC1100.html" title="Compound Module Nic802154_TI_CC1100" alt="Nic802154_TI_CC1100" coords="5500,376,5641,400">
<area shape="rect" href="org.mixim.modules.nic.Nic802154_TI_CC2420.html" title="Compound Module Nic802154_TI_CC2420" alt="Nic802154_TI_CC2420" coords="5665,376,5807,400">
<area shape="rect" href="org.mixim.modules.nic.Nic802154A.html" title="Compound Module Nic802154A" alt="Nic802154A" coords="5831,376,5913,400">
<area shape="rect" href="org.mixim.modules.nic.NicBMAC.html" title="Compound Module NicBMAC" alt="NicBMAC" coords="5937,376,6009,400">
<area shape="rect" href="org.mixim.modules.nic.NicLMAC.html" title="Compound Module NicLMAC" alt="NicLMAC" coords="6033,376,6105,400">
<area shape="rect" href="inet.base.NotificationBoard.html" title="Simple Module NotificationBoard" alt="NotificationBoard" coords="6192,16,6301,40">
<area shape="rect" href="org.mixim.modules.utility.phyPER.html" title="Simple Module phyPER" alt="phyPER" coords="6325,16,6397,40">
<area shape="rect" href="org.mixim.modules.utility.SimTracer.html" title="Simple Module SimTracer" alt="SimTracer" coords="6421,16,6493,40">
