<area shape="rect" href="inet.mobility.models.MovingMobilityBase.html" title="Simple Module MovingMobilityBase" alt="MovingMobilityBase" coords="913,88,1039,112">
<area shape="rect" href="inet.mobility.models.ANSimMobility.html" title="Simple Module ANSimMobility" alt="ANSimMobility" coords="7,160,105,184">
<area shape="rect" href="inet.mobility.models.BonnMotionMobility.html" title="Simple Module BonnMotionMobility" alt="BonnMotionMobility" coords="129,160,255,184">
<area shape="rect" href="inet.mobility.models.ChiangMobility.html" title="Simple Module ChiangMobility" alt="ChiangMobility" coords="279,160,375,184">
<area shape="rect" href="inet.mobility.models.CircleMobility.html" title="Simple Module CircleMobility" alt="CircleMobility" coords="399,160,487,184">
<area shape="rect" href="inet.mobility.models.ConstSpeedMobility.html" title="Simple Module ConstSpeedMobility" alt="ConstSpeedMobility" coords="511,160,636,184">
<area shape="rect" href="inet.mobility.models.GaussMarkovMobility.html" title="Simple Module GaussMarkovMobility" alt="GaussMarkovMobility" coords="660,160,793,184">
<area shape="rect" href="inet.mobility.models.LinearMobility.html" title="Simple Module LinearMobility" alt="LinearMobility" coords="817,160,908,184">
<area shape="rect" href="inet.mobility.models.MassMobility.html" title="Simple Module MassMobility" alt="MassMobility" coords="932,160,1020,184">
<area shape="rect" href="inet.mobility.models.MoBANCoordinator.html" title="Simple Module MoBANCoordinator" alt="MoBANCoordinator" coords="1044,160,1167,184">
<area shape="rect" href="inet.mobility.models.MoBANLocal.html" title="Simple Module MoBANLocal" alt="MoBANLocal" coords="1191,160,1276,184">
<area shape="rect" href="inet.mobility.models.Ns2MotionMobility.html" title="Simple Module Ns2MotionMobility" alt="Ns2MotionMobility" coords="1300,160,1417,184">
<area shape="rect" href="inet.mobility.models.RandomWPMobility.html" title="Simple Module RandomWPMobility" alt="RandomWPMobility" coords="1441,160,1567,184">
<area shape="rect" href="inet.mobility.models.RectangleMobility.html" title="Simple Module RectangleMobility" alt="RectangleMobility" coords="1591,160,1703,184">
<area shape="rect" href="inet.mobility.models.TractorMobility.html" title="Simple Module TractorMobility" alt="TractorMobility" coords="1727,160,1823,184">
<area shape="rect" href="inet.mobility.models.TurtleMobility.html" title="Simple Module TurtleMobility" alt="TurtleMobility" coords="1847,160,1935,184">
<area shape="rect" href="inet.mobility.models.MobilityBase.html" title="Simple Module MobilityBase" alt="MobilityBase" coords="933,16,1019,40">
