<area shape="rect" href="org.mixim.modules.nic.WirelessNicBattery.html" title="Compound Module WirelessNicBattery" alt="WirelessNicBattery" coords="472,88,595,112">
<area shape="rect" href="org.mixim.modules.nic.Nic80211Battery.html" title="Compound Module Nic80211Battery" alt="Nic80211Battery" coords="7,160,111,184">
<area shape="rect" href="org.mixim.modules.nic.Nic80211MultiChannel.html" title="Compound Module Nic80211MultiChannel" alt="Nic80211MultiChannel" coords="135,160,273,184">
<area shape="rect" href="org.mixim.modules.nic.Nic802154_TI_CC1100.html" title="Compound Module Nic802154_TI_CC1100" alt="Nic802154_TI_CC1100" coords="297,160,439,184">
<area shape="rect" href="org.mixim.modules.nic.Nic802154_TI_CC2420.html" title="Compound Module Nic802154_TI_CC2420" alt="Nic802154_TI_CC2420" coords="463,160,604,184">
<area shape="rect" href="org.mixim.modules.nic.Nic802154A.html" title="Compound Module Nic802154A" alt="Nic802154A" coords="628,160,711,184">
<area shape="rect" href="org.mixim.modules.nic.NicBMAC.html" title="Compound Module NicBMAC" alt="NicBMAC" coords="735,160,807,184">
<area shape="rect" href="org.mixim.modules.nic.NicLMAC.html" title="Compound Module NicLMAC" alt="NicLMAC" coords="831,160,903,184">
<area shape="rect" href="org.mixim.modules.nic.WirelessNic.html" title="Compound Module WirelessNic" alt="WirelessNic" coords="493,16,573,40">
