<area shape="rect" href="org.mixim.base.modules.BaseNetwLayer.html" title="Simple Module BaseNetwLayer" alt="BaseNetwLayer" coords="323,88,424,112">
<area shape="rect" href="org.mixim.modules.netw.DummyRoute.html" title="Simple Module DummyRoute" alt="DummyRoute" coords="7,160,95,184">
<area shape="rect" href="org.mixim.modules.netw.Flood.html" title="Simple Module Flood" alt="Flood" coords="119,160,191,184">
<area shape="rect" href="org.mixim.examples.ieee802154Narrow.NetworkStackTrafficGen.html" title="Simple Module NetworkStackTrafficGen" alt="NetworkStackTrafficGen" coords="215,160,364,184">
<area shape="rect" href="org.mixim.modules.netw.ProbabilisticBroadcast.html" title="Simple Module ProbabilisticBroadcast" alt="ProbabilisticBroadcast" coords="388,160,529,184">
<area shape="rect" href="org.mixim.examples.CSMAMac.SimpleNetwLayer.html" title="Simple Module SimpleNetwLayer" alt="SimpleNetwLayer" coords="553,160,665,184">
<area shape="rect" href="org.mixim.modules.netw.WiseRoute.html" title="Simple Module WiseRoute" alt="WiseRoute" coords="689,160,764,184">
<area shape="rect" href="org.mixim.base.modules.BaseLayer.html" title="Simple Module BaseLayer" alt="BaseLayer" coords="281,16,353,40">
<area shape="rect" href="org.mixim.base.modules.IBaseNetwLayer.html" title="Module Interface IBaseNetwLayer" alt="IBaseNetwLayer" coords="377,16,481,40">
