<area shape="rect" href="org.mixim.base.modules.BaseNetwork.html" title="Network BaseNetwork" alt="BaseNetwork" coords="704,16,792,40">
<area shape="rect" href="org.mixim.examples.analogueModels.AnalogueModels.html" title="Network AnalogueModels" alt="AnalogueModels" coords="7,88,116,112">
<area shape="rect" href="org.mixim.examples.bmac.BMACExampleNetwork.html" title="Network BMACExampleNetwork" alt="BMACExampleNetwork" coords="140,88,287,112">
<area shape="rect" href="org.mixim.examples.CSMAMac.CSMAMacExampleNetwork.html" title="Network CSMAMacExampleNetwork" alt="CSMAMacExampleNetwork" coords="311,88,481,112">
<area shape="rect" href="org.mixim.examples.ieee802154a.ieee802154a.html" title="Network ieee802154a" alt="ieee802154a" coords="505,88,588,112">
<area shape="rect" href="org.mixim.examples.ieee802154Narrow.ieee802154Narrow.html" title="Network ieee802154Narrow" alt="ieee802154Narrow" coords="612,88,729,112">
<area shape="rect" href="org.mixim.examples.lmac.LMACExampleNetwork.html" title="Network LMACExampleNetwork" alt="LMACExampleNetwork" coords="753,88,897,112">
<area shape="rect" href="org.mixim.examples.Mac80211.Mac80211ExampleNet.html" title="Network Mac80211ExampleNet" alt="Mac80211ExampleNet" coords="921,88,1063,112">
<area shape="rect" href="org.mixim.examples.multiConnectionManager.MultiConnectionManager.html" title="Network MultiConnectionManager" alt="MultiConnectionManager" coords="1087,88,1241,112">
<area shape="rect" href="org.mixim.examples.baseNetwork.TestBaseNetwork.html" title="Network TestBaseNetwork" alt="TestBaseNetwork" coords="1265,88,1377,112">
<area shape="rect" href="org.mixim.examples.WSNRouting.WSNRouting.html" title="Network WSNRouting" alt="WSNRouting" coords="1401,88,1487,112">
