<area shape="rect" href="org.mixim.modules.node.WirelessNodeBattery.html" title="Compound Module WirelessNodeBattery" alt="WirelessNodeBattery" coords="189,88,323,112">
<area shape="rect" href="org.mixim.modules.node.Host802154A.html" title="Compound Module Host802154A" alt="Host802154A" coords="7,160,97,184">
<area shape="rect" href="org.mixim.modules.node.HostBMAC.html" title="Compound Module HostBMAC" alt="HostBMAC" coords="121,160,196,184">
<area shape="rect" href="org.mixim.modules.node.HostLMAC.html" title="Compound Module HostLMAC" alt="HostLMAC" coords="220,160,292,184">
<area shape="rect" href="org.mixim.modules.node.WirelessNodeBatteryNetwl.html" title="Compound Module WirelessNodeBatteryNetwl" alt="WirelessNodeBatteryNetwl" coords="316,160,481,184">
<area shape="rect" href="org.mixim.modules.node.WirelessNodeBatteryPlusTran.html" title="Compound Module WirelessNodeBatteryPlusTran" alt="WirelessNodeBatteryPlusTran" coords="505,160,689,184">
<area shape="rect" href="org.mixim.modules.node.WirelessNode.html" title="Compound Module WirelessNode" alt="WirelessNode" coords="209,16,303,40">
