digraph G {
	node [label="\N", fontname=Helvetica, fontsize=10, shape=record];
	edge [fontname=Helvetica, fontsize=10, labelfontname=Helvetica, labelfontsize=10];
	graph [bb="0,0,168,136"];
	Node1 [label=BaseApplLayer, height="0.22", width="1.19", color=black, fillcolor=grey75, style=filled, fontcolor=black, pos="88,68", rects="45,60,132,76"];
	Node2 [label=BaseLayer, height="0.22", width="0.86", color=red, fillcolor=white, style=filled, URL="$a00025.html", tooltip="A very simple layer template.", pos="88,120", rects="57,112,119,128"];
	Node3 [label=TestApplLayer, height="0.22", width="1.17", color=red, fillcolor=white, style=filled, URL="$a00208.html", tooltip="Test class for the application layer.", pos="42,16", rects="0,8,84,24"];
	Node4 [label=TrafficGen, height="0.22", width="0.92", color=black, fillcolor=white, style=filled, URL="$a00217.html", tooltip="A module to generate a certain rate of traffic.", pos="135,16", rects="102,8,168,24"];
	Node2 -> Node1 [dir=back, color=midnightblue, style=solid, pos="s,88,112 88,103 88,94 88,83 88,76"];
	Node1 -> Node3 [dir=back, color=midnightblue, style=solid, pos="s,81,60 75,53 66,44 56,32 49,24"];
	Node1 -> Node4 [dir=back, color=midnightblue, style=solid, pos="s,95,60 101,53 110,44 121,32 128,24"];
}
