digraph G {
	node [label="\N", fontname=Helvetica, fontsize=10, shape=record];
	edge [fontname=Helvetica, fontsize=10, labelfontname=Helvetica, labelfontsize=10];
	graph [bb="0,0,410,136"];
	Node1 [label=BasePhyLayer, height="0.22", width="1.14", color=black, fillcolor=grey75, style=filled, fontcolor=black, pos="222,68", rects="181,60,263,76"];
	Node2 [label=ConnectionManagerAccess, height="0.22", width="1.97", color=red, fillcolor=white, style=filled, URL="$a00053.html", tooltip="Basic class for all physical layers, please don&#39;t touch!!", pos="71,120", rects="0,112,143,128"];
	Node3 [label=DeciderToPhyInterface, height="0.22", width="1.72", color=black, fillcolor=white, style=filled, URL="$a00079.html", tooltip="This class is the interface for a Decider to the BasePhyLayer.", pos="222,120", rects="160,112,285,128"];
	Node4 [label=MacToPhyInterface, height="0.22", width="1.50", color=black, fillcolor=white, style=filled, URL="$a00134.html", tooltip="Defines the methods provided by the phy to the mac layer.", pos="356,120", rects="302,112,411,128"];
	Node5 [label=PhyLayer, height="0.22", width="0.81", color=red, fillcolor=white, style=filled, URL="$a00173.html", tooltip="Provides initialisation for several AnalogueModels and Deciders from modules directory.", pos="222,16", rects="193,8,252,24"];
	Node2 -> Node1 [dir=back, color=midnightblue, style=solid, pos="s,94,112 102,109 131,99 173,85 199,76"];
	Node3 -> Node1 [dir=back, color=midnightblue, style=solid, pos="s,222,112 222,103 222,94 222,83 222,76"];
	Node4 -> Node1 [dir=back, color=midnightblue, style=solid, pos="s,335,112 327,109 302,99 265,85 243,76"];
	Node1 -> Node5 [dir=back, color=midnightblue, style=solid, pos="s,222,60 222,51 222,42 222,31 222,24"];
}
