digraph G {
	graph [rankdir=LR];
	node [label="\N", fontname=Helvetica, fontsize=10, shape=record];
	edge [fontname=Helvetica, fontsize=10, labelfontname=Helvetica, labelfontsize=10];
	graph [bb="0,0,552,50"];
	Node1 [label=container_type, height="0.22", width="1.17", color=black, fillcolor=grey75, style=filled, fontcolor=black, pos="50,25", rects="8,17,92,33"];
	Node2 [label="InterpolateableMap\< Interpolator\< std::map\< argument_value_t, Mapping * \> \> \>", height="0.22", width="5.78", color=black, fillcolor=white, style=filled, URL="$a00110.html", pos="336,42", rects="128,34,544,50"];
	Node3 [label="InterpolateableMap\< Interpolator\< std::map\< simtime_t, argument_value_t \> \> \>", height="0.22", width="5.72", color=black, fillcolor=white, style=filled, URL="$a00110.html", pos="336,8", rects="130,0,543,16"];
	Node1 -> Node2 [dir=back, color=midnightblue, style=solid, pos="s,92,30 100,31 110,32 119,33 128,34"];
	Node1 -> Node3 [dir=back, color=midnightblue, style=solid, pos="s,92,19 100,18 110,18 119,17 128,16 128,16 129,16 129,16"];
}
