digraph G {
	node [label="\N", fontname=Helvetica, fontsize=10, shape=record];
	edge [fontname=Helvetica, fontsize=10, labelfontname=Helvetica, labelfontsize=10];
	graph [bb="0,0,432,84"];
	Node1 [label=ConstMappingIterator, height="0.22", width="1.64", color=black, fillcolor=grey75, style=filled, fontcolor=black, pos="185,68", rects="126,60,245,76"];
	Node2 [label=MappingIterator, height="0.22", width="1.25", color=red, fillcolor=white, style=filled, URL="$a00137.html", tooltip="Defines an iterator for a Mapping which is able to iterate over the Mapping.", pos="45,16", rects="0,8,91,24"];
	Node3 [label=RSAMConstMappingIterator, height="0.22", width="2.14", color=black, fillcolor=white, style=filled, URL="$a00188.html", tooltip="ConstMapingIterator implementation for a RSAM.", pos="185,16", rects="108,8,263,24"];
	Node4 [label=SimpleConstMappingIterator, height="0.22", width="2.11", color=black, fillcolor=white, style=filled, URL="$a00195.html", tooltip="A fully working ConstIterator-implementation usable with almost every ConstMapping.", pos="356,16", rects="280,8,433,24"];
	Node1 -> Node2 [dir=back, color=midnightblue, style=solid, pos="s,163,60 155,57 128,47 90,33 67,24"];
	Node1 -> Node3 [dir=back, color=midnightblue, style=solid, pos="s,185,60 185,51 185,42 185,31 185,24"];
	Node1 -> Node4 [dir=back, color=midnightblue, style=solid, pos="s,211,60 220,57 253,47 300,33 329,24"];
}
