digraph G {
	node [label="\N", fontname=Helvetica, fontsize=10, shape=record];
	edge [fontname=Helvetica, fontsize=10, labelfontname=Helvetica, labelfontsize=10];
	graph [bb="0,0,84,136"];
	Node1 [label=csma, height="0.22", width="0.47", color=black, fillcolor=grey75, style=filled, fontcolor=black, pos="42,68", rects="25,60,59,76"];
	Node2 [label=BaseMacLayer, height="0.22", width="1.17", color=red, fillcolor=white, style=filled, URL="$a00026.html", tooltip="A very simple MAC module template which provides de- and encapsulation of messages using the standard...", pos="42,120", rects="0,112,84,128"];
	Node3 [label=CSMA802154, height="0.22", width="1.03", color=black, fillcolor=white, style=filled, URL="$a00068.html", tooltip="Extends &quot;csma&quot; module by some statistics send up to the upper layer.", pos="42,16", rects="5,8,80,24"];
	Node2 -> Node1 [dir=back, color=midnightblue, style=solid, pos="s,42,112 42,103 42,94 42,83 42,76"];
	Node1 -> Node3 [dir=back, color=midnightblue, style=solid, pos="s,42,60 42,51 42,42 42,31 42,24"];
}
