digraph G {
	node [label="\N", fontname=Helvetica, fontsize=10, shape=record];
	edge [fontname=Helvetica, fontsize=10, labelfontname=Helvetica, labelfontsize=10];
	graph [bb="0,0,360,100"];
	Node1 [label="InterpolatorBase\< _ContainerType \>", height="0.22", width="2.67", color=black, fillcolor=grey75, style=filled, fontcolor=black, pos="176,16", rects="80,8,273,24"];
	Node2 [label="PairLess\< pair_type, key_type \>", height="0.22", width="2.36", color=red, fillcolor=white, style=filled, URL="$a00169.html", pos="85,84", rects="0,76,171,92"];
	Node3 [label="Interpolated\< mapped_type \>", height="0.22", width="2.19", color=red, fillcolor=white, style=filled, URL="$a00111.html", pos="267,84", rects="188,76,346,92"];
	Node2 -> Node1 [dir=back, color=darkorchid3, style=dashed, label=" comp", pos="s,96,76 103,71 121,57 150,35 165,24", lp="160,50"];
	Node3 -> Node1 [dir=back, color=darkorchid3, style=dashed, label=" outOfRangeVal", pos="s,256,76 249,71 231,57 202,35 187,24", lp="279,50"];
}
