digraph G {
	graph [rankdir=LR];
	node [label="\N", fontname=Helvetica, fontsize=10, shape=record];
	edge [fontname=Helvetica, fontsize=10, labelfontname=Helvetica, labelfontsize=10];
	graph [bb="0,0,876,268"];
	Node1 [label="InterpolatorBase\< _ContainerType \>", height="0.22", width="2.67", color=black, fillcolor=grey75, style=filled, fontcolor=black, pos="105,144", rects="9,136,202,152"];
	Node2 [label="Linear\< _ContainerType \>", height="0.22", width="2.00", color=red, fillcolor=white, style=filled, URL="$a00118.html", tooltip="Given two iterators defining a range of key-value-pairs this class provides linear interpolation of t...", pos="691,242", rects="619,234,763,250"];
	Node3 [label="Nearest\< _ContainerType \>", height="0.22", width="2.06", color=black, fillcolor=white, style=filled, URL="$a00153.html", tooltip="Given two iterators defining a range of key-value-pairs this class provides interpolation of values f...", pos="691,204", rects="617,196,766,212"];
	Node4 [label="NextSmaller\< _ContainerType \>", height="0.22", width="2.39", color=black, fillcolor=white, style=filled, URL="$a00158.html", tooltip="Given two iterators defining a range of key-value-pairs this class provides interpolation of values f...", pos="691,166", rects="605,158,778,174"];
	Node5 [label="InterpolatorBase\< std::map\< Argument::mapped_type, Mapping * \> \>", height="0.22", width="4.89", color=red, fillcolor=white, style=filled, URL="$a00113.html", pos="691,122", rects="515,114,868,130"];
	Node6 [label="InterpolatorBase\< std::map\< argument_value_t, Mapping * \> \>", height="0.22", width="4.47", color=red, fillcolor=white, style=filled, URL="$a00113.html", pos="691,70", rects="530,62,852,78"];
	Node7 [label="InterpolatorBase\< std::map\< simtime_t, argument_value_t \> \>", height="0.22", width="4.42", color=red, fillcolor=white, style=filled, URL="$a00113.html", pos="691,18", rects="532,10,851,26"];
	Node1 -> Node2 [dir=back, color=midnightblue, style=solid, pos="s,161,152 170,153 186,156 199,159 202,162 216,171 207,184 220,194 330,268 383,222 514,234 549,237 587,239 619,240"];
	Node1 -> Node3 [dir=back, color=midnightblue, style=solid, pos="s,199,152 208,156 212,159 213,163 220,166 291,193 502,201 616,203"];
	Node1 -> Node4 [dir=back, color=midnightblue, style=solid, pos="s,202,148 212,148 324,152 499,159 604,163"];
	Node1 -> Node5 [dir=back, color=orange, style=dashed, label=" \< std::map\< Argument::mapped_type, Mapping * \> \>", pos="s,198,136 207,133 212,130 214,128 220,127 275,115 405,114 514,116", lp="358,135"];
	Node1 -> Node6 [dir=back, color=orange, style=dashed, label=" \< std::map\< argument_value_t, Mapping * \> \>", pos="s,158,136 167,135 184,132 199,129 202,126 216,116 206,101 220,93 246,77 404,72 530,70", lp="358,101"];
	Node1 -> Node7 [dir=back, color=orange, style=dashed, label=" \< std::map\< simtime_t, argument_value_t \> \>", pos="s,166,136 175,134 187,131 198,127 202,123 227,99 195,70 220,49 244,29 404,22 531,20", lp="358,57"];
}
