digraph G {
	graph [rankdir=LR];
	node [label="\N", fontname=Helvetica, fontsize=10, shape=record];
	edge [fontname=Helvetica, fontsize=10, labelfontname=Helvetica, labelfontsize=10];
	graph [bb="0,0,1046,225"];
	Node1 [label="InterpolateableMap\< TInterpolator, TContainer \>", height="0.22", width="3.50", color=black, fillcolor=grey75, style=filled, fontcolor=black, pos="135,131", rects="9,123,262,139"];
	Node2 [label="InterpolateableMap\< Linear\< std::map\< argument_value_t, Mapping * \> \> \>", height="0.22", width="5.42", color=black, fillcolor=white, style=filled, URL="$a00110.html", pos="830,209", rects="635,201,1026,217"];
	Node3 [label="InterpolateableMap\< Interpolator\< std::map\< argument_value_t, Mapping * \> \> \>", height="0.22", width="5.78", color=black, fillcolor=white, style=filled, URL="$a00110.html", pos="830,157", rects="622,149,1038,165"];
	Node4 [label="InterpolateableMap\< Linear\< std::map\< simtime_t, argument_value_t \> \> \>", height="0.22", width="5.36", color=black, fillcolor=white, style=filled, URL="$a00110.html", pos="830,105", rects="637,97,1024,113"];
	Node5 [label="InterpolateableMap\< Interpolator\< std::map\< simtime_t, argument_value_t \> \> \>", height="0.22", width="5.72", color=black, fillcolor=white, style=filled, URL="$a00110.html", pos="830,53", rects="624,45,1037,61"];
	Node1 -> Node2 [dir=back, color=orange, style=dashed, label=" \< Linear\< std::map\< argument_value_t, Mapping * \> \> \>", pos="s,260,139 268,145 273,152 270,162 280,168 346,207 546,195 622,201 626,201 630,202 634,202", lp="442,206"];
	Node1 -> Node3 [dir=back, color=orange, style=dashed, label=" \< Interpolator\< std::map\< argument_value_t, Mapping * \> \> \>", pos="s,262,136 272,136 371,140 509,145 622,149", lp="442,156"];
	Node1 -> Node4 [dir=back, color=orange, style=dashed, label=" \< Linear\< std::map\< simtime_t, argument_value_t \> \> \>", pos="s,257,123 266,121 272,119 273,117 280,116 347,104 506,102 636,103", lp="442,124"];
	Node1 -> Node5 [dir=back, color=orange, style=dashed, label=" \< Interpolator\< std::map\< simtime_t, argument_value_t \> \> \>", pos="s,216,123 224,122 243,119 258,117 262,114 276,104 266,89 280,81 409,0 470,68 622,61 622,61 623,61 623,61", lp="442,89"];
}
