digraph G {
	graph [rankdir=LR];
	node [label="\N", fontname=Helvetica, fontsize=10, shape=record];
	edge [fontname=Helvetica, fontsize=10, labelfontname=Helvetica, labelfontsize=10];
	graph [bb="0,0,468,390"];
	Node1 [label=LineSegmentsMobilityBase, height="0.22", width="2.00", color=black, fillcolor=grey75, style=filled, fontcolor=black, pos="230,195", rects="158,187,302,203"];
	Node2 [label=MovingMobilityBase, height="0.22", width="1.58", color=red, fillcolor=white, style=filled, URL="$a00147.html", tooltip="Base class for moving mobility modules. Periodically emits a signal with the current mobility state...", pos="65,195", rects="8,187,122,203"];
	Node3 [label=ANSimMobility, height="0.22", width="1.25", color=black, fillcolor=white, style=filled, URL="$a00010.html", tooltip="Uses the &lt;position_change&gt; elements of the ANSim tool&#39;s trace file. See NED file for more info...", pos="399,382", rects="354,374,444,390"];
	Node4 [label=BonnMotionMobility, height="0.22", width="1.58", color=black, fillcolor=white, style=filled, URL="$a00038.html", tooltip="Uses the BonnMotion native file format. See NED file for more info.", pos="399,348", rects="342,340,457,356"];
	Node5 [label=ChiangMobility, height="0.22", width="1.22", color=black, fillcolor=white, style=filled, URL="$a00045.html", tooltip="Chiang&#39;s random walk movement model. See NED file for more info.", pos="399,314", rects="355,306,443,322"];
	Node6 [label=ConstSpeedMobility, height="0.22", width="1.50", color=black, fillcolor=white, style=filled, URL="$a00062.html", tooltip="Moves along a line with constant speed to a randomly chosen target. When the target is reached it sel...", pos="399,280", rects="345,272,454,288"];
	Node7 [label=GaussMarkovMobility, height="0.22", width="1.69", color=black, fillcolor=white, style=filled, URL="$a00096.html", tooltip="Gauss Markov movement model. See NED file for more info.", pos="399,246", rects="338,238,460,254"];
	Node8 [label=MassMobility, height="0.22", width="1.06", color=black, fillcolor=white, style=filled, URL="$a00139.html", tooltip="Models the mobility of with mass, making random motions. See NED file for more info.", pos="399,212", rects="361,204,438,220"];
	Node9 [label=MoBANCoordinator, height="0.22", width="1.56", color=black, fillcolor=white, style=filled, URL="$a00142.html", tooltip="This is the coordinator module of the MoBAN mobility model. It should be instantiated in the top leve...", pos="399,178", rects="343,170,456,186"];
	Node10 [label=MoBANLocal, height="0.22", width="1.11", color=black, fillcolor=white, style=filled, URL="$a00143.html", tooltip="This is the local mobility module of MoBAN. It should be instantiated in each node that belongs to a ...", pos="399,144", rects="359,136,440,152"];
	Node11 [label=Ns2MotionMobility, height="0.22", width="1.50", color=black, fillcolor=white, style=filled, URL="$a00167.html", pos="399,110", rects="345,102,453,118"];
	Node12 [label=RandomWPMobility, height="0.22", width="1.58", color=black, fillcolor=white, style=filled, URL="$a00186.html", pos="399,76", rects="342,68,456,84"];
	Node13 [label=TractorMobility, height="0.22", width="1.22", color=black, fillcolor=white, style=filled, URL="$a00216.html", tooltip="Tractor movement model. See NED file for more info.", pos="399,42", rects="355,34,443,50"];
	Node14 [label=TurtleMobility, height="0.22", width="1.14", color=black, fillcolor=white, style=filled, URL="$a00220.html", tooltip="LOGO-style movement model, with the script coming from XML. See NED file for more info...", pos="399,8", rects="358,0,440,16"];
	Node2 -> Node1 [dir=back, color=midnightblue, style=solid, pos="s,122,195 132,195 141,195 149,195 158,195"];
	Node1 -> Node3 [dir=back, color=midnightblue, style=solid, pos="s,302,203 309,210 354,261 284,323 338,374 343,378 348,381 354,382"];
	Node1 -> Node4 [dir=back, color=midnightblue, style=solid, pos="s,302,203 309,210 344,250 293,300 338,340 339,341 340,342 341,343"];
	Node1 -> Node5 [dir=back, color=midnightblue, style=solid, pos="s,302,203 309,210 335,239 304,277 338,306 343,310 349,312 355,314"];
	Node1 -> Node6 [dir=back, color=midnightblue, style=solid, pos="s,302,203 309,209 327,228 313,254 338,272 340,273 342,274 344,275"];
	Node1 -> Node7 [dir=back, color=midnightblue, style=solid, pos="s,302,203 310,208 322,217 321,230 338,238"];
	Node1 -> Node8 [dir=back, color=midnightblue, style=solid, pos="s,302,202 311,203 328,205 346,206 360,208"];
	Node1 -> Node9 [dir=back, color=midnightblue, style=solid, pos="s,302,188 312,187 322,186 332,185 342,184"];
	Node1 -> Node10 [dir=back, color=midnightblue, style=solid, pos="s,302,187 310,182 322,173 321,160 338,152 344,149 351,147 358,146"];
	Node1 -> Node11 [dir=back, color=midnightblue, style=solid, pos="s,302,187 309,181 327,162 313,136 338,118 340,117 342,115 345,114"];
	Node1 -> Node12 [dir=back, color=midnightblue, style=solid, pos="s,302,187 309,180 335,151 304,113 338,84 339,83 340,82 342,81"];
	Node1 -> Node13 [dir=back, color=midnightblue, style=solid, pos="s,302,187 309,180 344,140 293,90 338,50 343,46 349,43 355,42"];
	Node1 -> Node14 [dir=back, color=midnightblue, style=solid, pos="s,302,187 309,180 354,129 284,67 338,16 344,11 351,8 358,7"];
}
