digraph G {
	node [label="\N", fontname=Helvetica, fontsize=10, shape=record];
	edge [fontname=Helvetica, fontsize=10, labelfontname=Helvetica, labelfontsize=10];
	graph [bb="0,0,268,100"];
	Node1 [label=NetworkStackTrafficGen, height="0.22", width="1.92", color=black, fillcolor=grey75, style=filled, fontcolor=black, pos="117,16", rects="48,8,186,24"];
	Node2 [label=BaseLayer, height="0.22", width="0.86", color=red, fillcolor=white, style=filled, URL="$a00025.html", tooltip="A very simple layer template.", pos="31,84", rects="0,76,62,92"];
	Node3 [label=ArpInterface, height="0.22", width="1.03", color=black, fillcolor=white, style=filled, URL="$a00015.html", tooltip="Interface every Address resolution protocol (ARP) module has to implement.", pos="117,84", rects="80,76,154,92"];
	Node4 [label=BaseWorldUtility, height="0.22", width="1.33", color=red, fillcolor=white, style=filled, URL="$a00030.html", tooltip="Provides information and utility methods for the whole simulation.", pos="220,84", rects="172,76,268,92"];
	Node2 -> Node1 [dir=back, color=midnightblue, style=solid, pos="s,41,76 48,71 65,57 92,35 107,24"];
	Node3 -> Node1 [dir=back, color=darkorchid3, style=dashed, label=" arp", pos="s,117,76 117,67 117,53 117,35 117,24", lp="131,50"];
	Node4 -> Node1 [dir=back, color=darkorchid3, style=dashed, label=" world", pos="s,208,76 201,71 180,58 147,36 129,24", lp="203,50"];
}
