digraph G {
	node [label="\N", fontname=Helvetica, fontsize=10, shape=record];
	edge [fontname=Helvetica, fontsize=10, labelfontname=Helvetica, labelfontsize=10];
	graph [bb="0,0,220,154"];
	Node1 [label="MultiDimMappingIterator\< Interpolator \>", height="0.22", width="3.06", color=black, fillcolor=grey75, style=filled, fontcolor=black, pos="110,84", rects="0,76,220,92"];
	Node2 [label=MappingIterator, height="0.22", width="1.25", color=red, fillcolor=white, style=filled, URL="$a00137.html", tooltip="Defines an iterator for a Mapping which is able to iterate over the Mapping.", pos="110,138", rects="65,130,156,146"];
	Node3 [label="MultiDimMappingIterator\< Linear \>", height="0.22", width="2.69", color=red, fillcolor=white, style=filled, URL="$a00149.html", pos="110,16", rects="13,8,207,24"];
	Node2 -> Node1 [dir=back, color=midnightblue, style=solid, pos="s,110,130 110,120 110,111 110,99 110,92"];
	Node1 -> Node3 [dir=back, color=orange, style=dashed, label=" \< Linear \>", pos="s,110,76 110,67 110,53 110,35 110,24", lp="143,50"];
}
