digraph G {
	node [label="\N", fontname=Helvetica, fontsize=10, shape=record];
	edge [fontname=Helvetica, fontsize=10, labelfontname=Helvetica, labelfontsize=10];
	graph [bb="0,0,423,112"];
	Node1 [label="MultiDimMappingIterator\< Interpolator \>", height="0.22", width="3.06", color=black, fillcolor=grey75, style=filled, fontcolor=black, pos="119,16", rects="9,8,229,24"];
	Node2 [label=MappingIterator, height="0.22", width="1.25", color=red, fillcolor=white, style=filled, URL="$a00137.html", tooltip="Defines an iterator for a Mapping which is able to iterate over the Mapping.", pos="45,96", rects="0,88,91,104"];
	Node3 [label=Argument, height="0.22", width="0.86", color=black, fillcolor=white, style=filled, URL="$a00013.html", tooltip="Defines an argument for a mapping.", pos="170,96", rects="139,88,201,104"];
	Node4 [label="InterpolateableIterator\< TInterpolator \>", height="0.22", width="2.83", color=red, fillcolor=white, style=filled, URL="$a00109.html", tooltip="Provides an interpolateable iterator for any Container which maps from keys to values which is able t...", pos="321,96", rects="219,88,424,104"];
	Node2 -> Node1 [dir=back, color=midnightblue, style=solid, pos="s,43,88 41,80 39,68 38,52 46,42 51,35 69,29 85,24"];
	Node3 -> Node1 [dir=back, color=darkorchid3, style=dashed, label=" position\nnextPosition", pos="s,165,88 161,81 155,70 146,55 138,42 134,36 129,29 125,24", lp="190,56"];
	Node2 -> Node1 [dir=back, color=darkorchid3, style=dashed, label=" subIterator", pos="s,47,88 49,80 53,68 58,52 68,42 75,34 85,28 95,24", lp="101,56"];
	Node4 -> Node1 [dir=back, color=darkorchid3, style=dashed, label=" valueIt", pos="s,310,88 304,84 286,71 257,53 229,42 209,34 187,28 167,24", lp="309,56"];
}
