digraph G {
	node [label="\N", fontname=Helvetica, fontsize=10, shape=record];
	edge [fontname=Helvetica, fontsize=10, labelfontname=Helvetica, labelfontsize=10];
	graph [bb="0,0,462,136"];
	Node1 [label=MovingMobilityBase, height="0.22", width="1.58", color=black, fillcolor=grey75, style=filled, fontcolor=black, pos="206,68", rects="149,60,263,76"];
	Node2 [label=MobilityBase, height="0.22", width="1.03", color=red, fillcolor=white, style=filled, URL="$a00145.html", tooltip="Abstract base class for mobility modules.", pos="206,120", rects="169,112,244,128"];
	Node3 [label=CircleMobility, height="0.22", width="1.11", color=black, fillcolor=white, style=filled, URL="$a00046.html", tooltip="Circle movement model. See NED file for more info.", pos="40,16", rects="0,8,80,24"];
	Node4 [label=LinearMobility, height="0.22", width="1.17", color=black, fillcolor=white, style=filled, URL="$a00122.html", tooltip="Linear movement model. See NED file for more info.", pos="140,16", rects="98,8,182,24"];
	Node5 [label=LineSegmentsMobilityBase, height="0.22", width="2.00", color=red, fillcolor=white, style=filled, URL="$a00124.html", tooltip="Base class for mobility models where movement consists of a sequence of linear movements of constant ...", pos="272,16", rects="200,8,344,24"];
	Node6 [label=RectangleMobility, height="0.22", width="1.39", color=black, fillcolor=white, style=filled, URL="$a00187.html", tooltip="Rectangle movement model. See NED file for more info.", pos="412,16", rects="362,8,463,24"];
	Node2 -> Node1 [dir=back, color=midnightblue, style=solid, pos="s,206,112 206,103 206,94 206,83 206,76"];
	Node1 -> Node3 [dir=back, color=midnightblue, style=solid, pos="s,180,60 170,57 139,47 94,33 66,24"];
	Node1 -> Node4 [dir=back, color=midnightblue, style=solid, pos="s,196,60 189,54 176,45 161,32 150,24"];
	Node1 -> Node5 [dir=back, color=midnightblue, style=solid, pos="s,216,60 223,54 236,45 251,32 262,24"];
	Node1 -> Node6 [dir=back, color=midnightblue, style=solid, pos="s,238,60 248,57 287,47 344,33 380,24"];
}
