digraph G {
	node [label="\N", fontname=Helvetica, fontsize=10, shape=record];
	edge [fontname=Helvetica, fontsize=10, labelfontname=Helvetica, labelfontsize=10];
	graph [bb="0,0,260,100"];
	Node1 [label=SensorApplLayer, height="0.22", width="1.33", color=black, fillcolor=grey75, style=filled, fontcolor=black, pos="128,16", rects="80,8,176,24"];
	Node2 [label=BaseLayer, height="0.22", width="0.86", color=red, fillcolor=white, style=filled, URL="$a00025.html", tooltip="A very simple layer template.", pos="31,84", rects="0,76,62,92"];
	Node3 [label=BaseWorldUtility, height="0.22", width="1.33", color=red, fillcolor=white, style=filled, URL="$a00030.html", tooltip="Provides information and utility methods for the whole simulation.", pos="128,84", rects="80,76,176,92"];
	Node4 [label=Packet, height="0.22", width="0.58", color=black, fillcolor=white, style=filled, URL="$a00168.html", tooltip="Class that keeps track of the number of packets sent.", pos="215,84", rects="194,76,236,92"];
	Node2 -> Node1 [dir=back, color=midnightblue, style=solid, pos="s,43,76 50,71 69,57 100,36 116,24"];
	Node3 -> Node1 [dir=back, color=darkorchid3, style=dashed, label=" world", pos="s,128,76 128,67 128,53 128,35 128,24", lp="149,50"];
	Node4 -> Node1 [dir=back, color=darkorchid3, style=dashed, label=" packet", pos="s,208,76 202,69 195,60 184,50 174,42 165,35 154,29 145,24", lp="214,50"];
}
