digraph G {
	node [label="\N", fontname=Helvetica, fontsize=10, shape=record];
	edge [fontname=Helvetica, fontsize=10, labelfontname=Helvetica, labelfontsize=10];
	graph [bb="0,0,334,180"];
	Node1 [label=Signal, height="0.22", width="0.56", color=black, fillcolor=grey75, style=filled, fontcolor=black, pos="107,16", rects="87,8,127,24"];
	Node2 [label=Mapping, height="0.22", width="0.75", color=black, fillcolor=white, style=filled, URL="$a00136.html", tooltip="Represents a changeable mapping (mathematical function) from at least time to Argument::mapped_type.", pos="107,96", rects="80,88,135,104"];
	Node3 [label=ConstMapping, height="0.22", width="1.14", color=red, fillcolor=white, style=filled, URL="$a00058.html", tooltip="Represents a not changeable mapping (mathematical function) from domain with at least the time to a A...", pos="138,164", rects="97,156,180,172"];
	Node4 [label="ConcatConstMapping\< Operator \>", height="0.22", width="2.53", color=black, fillcolor=white, style=filled, URL="$a00049.html", tooltip="Defines it values by concatenating one or more Mappings to a reference Mapping.", pos="243,96", rects="152,88,334,104"];
	Node2 -> Node1 [dir=back, color=darkorchid3, style=dashed, label=" txBitrate\nbitrate", pos="s,107,88 107,79 107,62 107,38 107,24", lp="135,56"];
	Node3 -> Node2 [dir=back, color=midnightblue, style=solid, pos="s,134,156 130,148 124,134 116,115 111,104"];
	Node3 -> Node1 [dir=back, color=darkorchid3, style=dashed, label=" power", pos="s,105,156 97,153 72,145 42,129 27,104 7,70 60,39 89,24", lp="52,96"];
	Node4 -> Node1 [dir=back, color=darkorchid3, style=dashed, label=" rcvPower", pos="s,233,88 227,83 212,72 189,54 167,42 160,38 142,30 127,24", lp="241,56"];
	Node3 -> Node4 [dir=back, color=midnightblue, style=solid, pos="s,150,156 157,152 178,138 212,116 231,104"];
	Node3 -> Node4 [dir=back, color=darkorchid3, style=dashed, label=" refMapping", pos="s,163,156 172,152 182,148 192,143 201,138 215,128 228,114 236,104", lp="253,130"];
}
