digraph G {
	node [label="\N", fontname=Helvetica, fontsize=10, shape=record];
	edge [fontname=Helvetica, fontsize=10, labelfontname=Helvetica, labelfontsize=10];
	graph [bb="0,0,162,136"];
	Node1 [label=ProbabilisticBroadcast, height="0.22", width="1.64", color=black, fillcolor=grey75, style=filled, fontcolor=black, pos="81,68", rects="22,60,140,76"];
	Node2 [label=BaseNetwLayer, height="0.22", width="1.22", color=red, fillcolor=white, style=filled, URL="$a00028.html", tooltip="Base class for the network layer.", pos="81,120", rects="37,112,126,128"];
	Node3 [label=AdaptiveProbabilisticBroadcast, height="0.22", width="2.25", color=black, fillcolor=white, style=filled, URL="$a00003.html", tooltip="This class extends ProbabilisticBroadcast by adding an algorithm which adapts broadcasting parameters...", pos="81,16", rects="0,8,163,24"];
	Node2 -> Node1 [dir=back, color=midnightblue, style=solid, pos="s,81,112 81,103 81,94 81,83 81,76"];
	Node1 -> Node3 [dir=back, color=midnightblue, style=solid, pos="s,81,60 81,51 81,42 81,31 81,24"];
}
