digraph G {
	node [label="\N", fontname=Helvetica, fontsize=10, shape=record];
	edge [fontname=Helvetica, fontsize=10, labelfontname=Helvetica, labelfontsize=10];
	graph [bb="0,0,288,136"];
	Node1 [label=StationaryMobility, height="0.22", width="1.42", color=black, fillcolor=grey75, style=filled, fontcolor=black, pos="161,68", rects="110,60,212,76"];
	Node2 [label=MobilityBase, height="0.22", width="1.03", color=red, fillcolor=white, style=filled, URL="$a00145.html", tooltip="Abstract base class for mobility modules.", pos="161,120", rects="124,112,199,128"];
	Node3 [label=LinearNodeDistributionMobility, height="0.22", width="2.36", color=black, fillcolor=white, style=filled, URL="$a00123.html", tooltip="Mobility model which places all hosts at constant distances in a line with an orientation.", pos="85,16", rects="0,8,170,24"];
	Node4 [label=StaticGridMobility, height="0.22", width="1.39", color=black, fillcolor=white, style=filled, URL="$a00204.html", tooltip="Mobility model which places all hosts at constant distances within the simulation area (resulting in ...", pos="238,16", rects="188,8,289,24"];
	Node2 -> Node1 [dir=back, color=midnightblue, style=solid, pos="s,161,112 161,103 161,94 161,83 161,76"];
	Node1 -> Node3 [dir=back, color=midnightblue, style=solid, pos="s,149,60 142,55 128,45 109,32 97,24"];
	Node1 -> Node4 [dir=back, color=midnightblue, style=solid, pos="s,173,60 181,55 195,45 214,32 226,24"];
}
