digraph G {
	node [label="\N", fontname=Helvetica, fontsize=10, shape=record];
	edge [fontname=Helvetica, fontsize=10, labelfontname=Helvetica, labelfontsize=10];
	graph [bb="0,0,333,112"];
	Node1 [label=UWBIRStochasticPathlossModel, height="0.22", width="2.36", color=black, fillcolor=grey75, style=filled, fontcolor=black, pos="124,16", rects="39,8,210,24"];
	Node2 [label=AnalogueModel, height="0.22", width="1.22", color=black, fillcolor=white, style=filled, URL="$a00009.html", tooltip="Interface for the analogue models of the physical layer.", pos="44,90", rects="0,82,89,98"];
	Node3 [label=string, height="0.22", width="0.50", color=grey75, fillcolor=white, style=filled, pos="124,90", rects="106,82,143,98"];
	Node4 [label=Dimension, height="0.22", width="0.86", color=black, fillcolor=white, style=filled, URL="$a00085.html", tooltip="Specifies a dimension for mappings (like time, frequency, etc.)", pos="220,90", rects="189,82,252,98"];
	Node2 -> Node1 [dir=back, color=midnightblue, style=solid, pos="s,53,82 59,76 76,61 102,36 115,24"];
	Node3 -> Node1 [dir=back, color=darkorchid3, style=dashed, label=" myName", pos="s,124,82 124,73 124,58 124,36 124,24", lp="154,50"];
	Node4 -> Node1 [dir=back, color=darkorchid3, style=dashed, label=" frequency", pos="s,216,82 212,75 207,64 198,51 188,42 178,34 166,28 155,24", lp="234,50"];
	Node4 -> Node4 [dir=back, color=darkorchid3, style=dashed, label=" frequency\ntime", pos="s,252,84 262,85 266,86 269,88 269,90 269,94 262,96 252,96", lp="301,90"];
}
