digraph G {
	graph [rankdir=LR];
	node [label="\N", fontname=Helvetica, fontsize=10, shape=record];
	edge [fontname=Helvetica, fontsize=10, labelfontname=Helvetica, labelfontsize=10];
	graph [bb="0,0,448,118"];
	Node1 [label=SimpleConstMapping, height="0.22", width="1.61", color=black, fillcolor=grey75, style=filled, fontcolor=black, pos="186,59", rects="128,51,244,67"];
	Node2 [label=ConstMapping, height="0.22", width="1.14", color=black, fillcolor=white, style=filled, URL="$a00058.html", tooltip="Represents a not changeable mapping (mathematical function) from domain with at least the time to a A...", pos="50,59", rects="9,51,92,67"];
	Node3 [label=ConstantSimpleConstMapping, height="0.22", width="2.22", color=black, fillcolor=white, style=filled, URL="$a00055.html", tooltip="Represents a constant mathematical mapping (f(x) = c)", pos="360,110", rects="280,102,440,118"];
	Node4 [label=JakesFadingMapping, height="0.22", width="1.58", color=black, fillcolor=white, style=filled, URL="$a00115.html", tooltip="Mapping used to represent attenuation of a signal by JakesFading.", pos="360,76", rects="303,68,418,84"];
	Node5 [label=SimplePathlossConstMapping, height="0.22", width="2.17", color=black, fillcolor=white, style=filled, URL="$a00198.html", tooltip="Mapping that represents a Pathloss-function.", pos="360,42", rects="282,34,438,50"];
	Node6 [label=SimpleTimeConstMapping, height="0.22", width="1.97", color=black, fillcolor=white, style=filled, URL="$a00200.html", tooltip="TODO: short description for this class.", pos="360,8", rects="289,0,431,16"];
	Node2 -> Node1 [dir=back, color=midnightblue, style=solid, pos="s,92,59 102,59 110,59 119,59 128,59"];
	Node1 -> Node3 [dir=back, color=midnightblue, style=solid, pos="s,244,67 252,72 264,81 263,94 280,102"];
	Node1 -> Node4 [dir=back, color=midnightblue, style=solid, pos="s,244,65 253,66 269,68 287,69 302,71"];
	Node1 -> Node5 [dir=back, color=midnightblue, style=solid, pos="s,244,53 254,52 263,51 272,50 282,49"];
	Node1 -> Node6 [dir=back, color=midnightblue, style=solid, pos="s,244,51 252,46 264,37 263,24 280,16 283,15 286,14 289,13"];
}
