digraph G {
	graph [compound=true];
	node [label="\N", fontsize=10, fontname=Helvetica];
	edge [labelfontsize=10, labelfontname=Helvetica];
	graph [bb="0,0,174,100"];
	subgraph clusterdir_2a70cffa5c504087d78c61b179738498 {
		graph [bgcolor="#ddddee"];
		graph [pencolor=black];
		graph [label=inet_stub];
		graph [fontname=Helvetica];
		graph [fontsize=10];
		graph [URL="dir_2a70cffa5c504087d78c61b179738498.html"];
		graph [lp="87,84"];
		graph [bb="8,8,166,92"];
		subgraph clusterdir_9b44ec77db926df833cf375edb8a2d2a {
			graph [bgcolor="#eeeeff"];
			graph [label=""];
			graph [URL="dir_9b44ec77db926df833cf375edb8a2d2a.html"];
			graph [lp=""];
			graph [bb="16,16,158,68"];
			dir_9b44ec77db926df833cf375edb8a2d2a [label=mobility, shape=plaintext, pos="123,42", width="0.75", height="0.50"];
			dir_a6ba1217f1e6986661121b2c7436d8e9 [label=models, shape=box, color=black, fillcolor=white, style=filled, URL="dir_a6ba1217f1e6986661121b2c7436d8e9.html", pos="51,42", width="0.75", height="0.50"];
		}
	}
}
