digraph G {
	graph [compound=true];
	node [label="\N", fontsize=10, fontname=Helvetica];
	edge [labelfontsize=10, labelfontname=Helvetica];
	graph [bb="0,0,486,100"];
	subgraph clusterdir_a693f3e27e78382c0d4f3f7d65ac0be1 {
		graph [bgcolor="#ddddee"];
		graph [pencolor=black];
		graph [label=src];
		graph [fontname=Helvetica];
		graph [fontsize=10];
		graph [URL="dir_a693f3e27e78382c0d4f3f7d65ac0be1.html"];
		graph [lp="243,84"];
		graph [bb="8,8,478,92"];
		subgraph clusterdir_2a70cffa5c504087d78c61b179738498 {
			graph [bgcolor="#eeeeff"];
			graph [label=""];
			graph [URL="dir_2a70cffa5c504087d78c61b179738498.html"];
			graph [lp=""];
			graph [bb="16,16,470,68"];
			dir_2a70cffa5c504087d78c61b179738498 [label=inet_stub, shape=plaintext, pos="434,42", width="0.78", height="0.50"];
			dir_8d39aff5ff1b905c9ff15c09f098eb40 [label=base, shape=box, color=black, fillcolor=white, style=filled, URL="dir_8d39aff5ff1b905c9ff15c09f098eb40.html", pos="361,42", width="0.75", height="0.50"];
			dir_4fcba5364314de5813fd44a7523f2232 [label=linklayer, shape=box, color=red, fillcolor=white, style=filled, URL="dir_4fcba5364314de5813fd44a7523f2232.html", pos="289,42", width="0.75", height="0.50"];
			dir_9b44ec77db926df833cf375edb8a2d2a [label=mobility, shape=box, color=red, fillcolor=white, style=filled, URL="dir_9b44ec77db926df833cf375edb8a2d2a.html", pos="217,42", width="0.75", height="0.50"];
			dir_59146efa8b756171755b7f4d15162c67 [label=networklayer, shape=box, color=red, fillcolor=white, style=filled, URL="dir_59146efa8b756171755b7f4d15162c67.html", pos="134,42", width="1.06", height="0.50"];
			dir_c478f640285a8af3ce2e2aa4d83fa0ab [label=util, shape=box, color=black, fillcolor=white, style=filled, URL="dir_c478f640285a8af3ce2e2aa4d83fa0ab.html", pos="51,42", width="0.75", height="0.50"];
		}
	}
}
