digraph G {
	graph [compound=true];
	node [label="\N", fontsize=10, fontname=Helvetica];
	edge [labelfontsize=10, labelfontname=Helvetica];
	graph [bb="0,0,518,100"];
	subgraph clusterdir_a693f3e27e78382c0d4f3f7d65ac0be1 {
		graph [bgcolor="#ddddee"];
		graph [pencolor=black];
		graph [label=src];
		graph [fontname=Helvetica];
		graph [fontsize=10];
		graph [URL="dir_a693f3e27e78382c0d4f3f7d65ac0be1.html"];
		graph [lp="259,84"];
		graph [bb="8,8,510,92"];
		subgraph clusterdir_480ff70c9e275e7d188cc28bdbcc43a9 {
			graph [bgcolor="#eeeeff"];
			graph [label=""];
			graph [URL="dir_480ff70c9e275e7d188cc28bdbcc43a9.html"];
			graph [lp=""];
			graph [bb="16,16,502,68"];
			dir_480ff70c9e275e7d188cc28bdbcc43a9 [label=base, shape=plaintext, pos="467,42", width="0.75", height="0.50"];
			dir_bedfa3303641d9983d6583f19b1d578d [label=connectionManager, shape=box, color=black, fillcolor=white, style=filled, URL="dir_bedfa3303641d9983d6583f19b1d578d.html", pos="369,42", width="1.47", height="0.50"];
			dir_33effc0fa4ddeee6a5500053d8414653 [label=messages, shape=box, color=black, fillcolor=white, style=filled, URL="dir_33effc0fa4ddeee6a5500053d8414653.html", pos="271,42", width="0.75", height="0.50"];
			dir_f27abf2bd9e17cc9a24477da0ee8b309 [label=modules, shape=box, color=black, fillcolor=white, style=filled, URL="dir_f27abf2bd9e17cc9a24477da0ee8b309.html", pos="199,42", width="0.75", height="0.50"];
			dir_d72a69de32420e1a8224d62f70c66090 [label=phyLayer, shape=box, color=black, fillcolor=white, style=filled, URL="dir_d72a69de32420e1a8224d62f70c66090.html", pos="125,42", width="0.81", height="0.50"];
			dir_761e2d8b854bdad894a2a92660ce2aa1 [label=utils, shape=box, color=black, fillcolor=white, style=filled, URL="dir_761e2d8b854bdad894a2a92660ce2aa1.html", pos="51,42", width="0.75", height="0.50"];
		}
	}
}
