digraph G {
	graph [compound=true];
	node [label="\N", fontsize=10, fontname=Helvetica];
	edge [labelfontsize=10, labelfontname=Helvetica];
	graph [bb="0,0,912,100"];
	subgraph clusterdir_a693f3e27e78382c0d4f3f7d65ac0be1 {
		graph [bgcolor="#ddddee"];
		graph [pencolor=black];
		graph [label=src];
		graph [fontname=Helvetica];
		graph [fontsize=10];
		graph [URL="dir_a693f3e27e78382c0d4f3f7d65ac0be1.html"];
		graph [lp="456,84"];
		graph [bb="8,8,904,92"];
		subgraph clusterdir_75bd850ab6558d0a87dc9d97ebaafd4c {
			graph [bgcolor="#eeeeff"];
			graph [label=""];
			graph [URL="dir_75bd850ab6558d0a87dc9d97ebaafd4c.html"];
			graph [lp=""];
			graph [bb="16,16,896,68"];
			dir_75bd850ab6558d0a87dc9d97ebaafd4c [label=modules, shape=plaintext, pos="861,42", width="0.75", height="0.50"];
			dir_1a1e9ec392552335f1177d0d4d8b4778 [label=analogueModel, shape=box, color=black, fillcolor=white, style=filled, URL="dir_1a1e9ec392552335f1177d0d4d8b4778.html", pos="774,42", width="1.17", height="0.50"];
			dir_9a554bfedab7c7aee58ab970711305fb [label=application, shape=box, color=black, fillcolor=white, style=filled, URL="dir_9a554bfedab7c7aee58ab970711305fb.html", pos="683,42", width="0.86", height="0.50"];
			dir_d835bdf3a9b01acb04d35028dd6263f1 [label=connectionManager, shape=box, color=black, fillcolor=white, style=filled, URL="dir_d835bdf3a9b01acb04d35028dd6263f1.html", pos="581,42", width="1.47", height="0.50"];
			dir_a95c9cd61ce1c0b659e65d5ec82a6fd8 [label=mac, shape=box, color=black, fillcolor=white, style=filled, URL="dir_a95c9cd61ce1c0b659e65d5ec82a6fd8.html", pos="483,42", width="0.75", height="0.50"];
			dir_c2cba0862ae0ea446e98be2b7dc59016 [label=messages, shape=box, color=black, fillcolor=white, style=filled, URL="dir_c2cba0862ae0ea446e98be2b7dc59016.html", pos="411,42", width="0.75", height="0.50"];
			dir_10b772a06beace38e141ceae8b640d46 [label=netw, shape=box, color=black, fillcolor=white, style=filled, URL="dir_10b772a06beace38e141ceae8b640d46.html", pos="339,42", width="0.75", height="0.50"];
			dir_9cf2bfd3572d2377e116fe823dc22a7b [label=phy, shape=box, color=black, fillcolor=white, style=filled, URL="dir_9cf2bfd3572d2377e116fe823dc22a7b.html", pos="267,42", width="0.75", height="0.50"];
			dir_ff9a6e0a225cc610e0b0bce4c05606ce [label=power, shape=box, color=red, fillcolor=white, style=filled, URL="dir_ff9a6e0a225cc610e0b0bce4c05606ce.html", pos="195,42", width="0.75", height="0.50"];
			dir_d91f4cad94e49c21a8c7269939236346 [label=transport, shape=box, color=black, fillcolor=white, style=filled, URL="dir_d91f4cad94e49c21a8c7269939236346.html", pos="123,42", width="0.75", height="0.50"];
			dir_2c254034fefd19a28744e3147b79ce8a [label=utility, shape=box, color=black, fillcolor=white, style=filled, URL="dir_2c254034fefd19a28744e3147b79ce8a.html", pos="51,42", width="0.75", height="0.50"];
		}
	}
}
