digraph G {
	graph [rankdir=LR];
	node [label="\N", fontname=Helvetica, fontsize=10, shape=record];
	edge [fontname=Helvetica, fontsize=10, labelfontname=Helvetica, labelfontsize=10];
	graph [bb="0,0,846,390"];
	Node1 [label=IInterfaceTable, height="0.22", width="1.17", color=black, fillcolor=white, style=filled, URL="$a00100.html", pos="51,212", rects="9,204,94,220"];
	Node2 [label=InterfaceTable, height="0.22", width="1.11", color=black, fillcolor=white, style=filled, URL="$a00106.html", pos="171,212", rects="131,204,212,220"];
	Node3 [label=IMobility, height="0.22", width="0.78", color=black, fillcolor=white, style=filled, URL="$a00101.html", tooltip="Abstract base class defining the public interface that must be provided by all mobility modules...", pos="171,144", rects="143,136,199,152"];
	Node4 [label=MobilityBase, height="0.22", width="1.03", color=black, fillcolor=white, style=filled, URL="$a00145.html", tooltip="Abstract base class for mobility modules.", pos="286,161", rects="249,153,324,169"];
	Node5 [label=MovingMobilityBase, height="0.22", width="1.58", color=black, fillcolor=white, style=filled, URL="$a00147.html", tooltip="Base class for moving mobility modules. Periodically emits a signal with the current mobility state...", pos="417,195", rects="360,187,474,203"];
	Node6 [label=CircleMobility, height="0.22", width="1.11", color=black, fillcolor=white, style=filled, URL="$a00046.html", tooltip="Circle movement model. See NED file for more info.", pos="595,263", rects="555,255,635,271"];
	Node7 [label=LinearMobility, height="0.22", width="1.17", color=black, fillcolor=white, style=filled, URL="$a00122.html", tooltip="Linear movement model. See NED file for more info.", pos="595,229", rects="553,221,637,237"];
	Node8 [label=LineSegmentsMobilityBase, height="0.22", width="2.00", color=black, fillcolor=white, style=filled, URL="$a00124.html", tooltip="Base class for mobility models where movement consists of a sequence of linear movements of constant ...", pos="595,195", rects="523,187,667,203"];
	Node9 [label=ANSimMobility, height="0.22", width="1.25", color=black, fillcolor=white, style=filled, URL="$a00010.html", tooltip="Uses the &lt;position_change&gt; elements of the ANSim tool&#39;s trace file. See NED file for more info...", pos="777,382", rects="732,374,822,390"];
	Node10 [label=BonnMotionMobility, height="0.22", width="1.58", color=black, fillcolor=white, style=filled, URL="$a00038.html", tooltip="Uses the BonnMotion native file format. See NED file for more info.", pos="777,348", rects="720,340,835,356"];
	Node11 [label=ChiangMobility, height="0.22", width="1.22", color=black, fillcolor=white, style=filled, URL="$a00045.html", tooltip="Chiang&#39;s random walk movement model. See NED file for more info.", pos="777,314", rects="733,306,821,322"];
	Node12 [label=ConstSpeedMobility, height="0.22", width="1.50", color=black, fillcolor=white, style=filled, URL="$a00062.html", tooltip="Moves along a line with constant speed to a randomly chosen target. When the target is reached it sel...", pos="777,280", rects="723,272,832,288"];
	Node13 [label=GaussMarkovMobility, height="0.22", width="1.69", color=black, fillcolor=white, style=filled, URL="$a00096.html", tooltip="Gauss Markov movement model. See NED file for more info.", pos="777,246", rects="716,238,838,254"];
	Node14 [label=MassMobility, height="0.22", width="1.06", color=black, fillcolor=white, style=filled, URL="$a00139.html", tooltip="Models the mobility of with mass, making random motions. See NED file for more info.", pos="777,212", rects="739,204,816,220"];
	Node15 [label=MoBANCoordinator, height="0.22", width="1.56", color=black, fillcolor=white, style=filled, URL="$a00142.html", tooltip="This is the coordinator module of the MoBAN mobility model. It should be instantiated in the top leve...", pos="777,178", rects="721,170,834,186"];
	Node16 [label=MoBANLocal, height="0.22", width="1.11", color=black, fillcolor=white, style=filled, URL="$a00143.html", tooltip="This is the local mobility module of MoBAN. It should be instantiated in each node that belongs to a ...", pos="777,144", rects="737,136,818,152"];
	Node17 [label=Ns2MotionMobility, height="0.22", width="1.50", color=black, fillcolor=white, style=filled, URL="$a00167.html", pos="777,110", rects="723,102,831,118"];
	Node18 [label=RandomWPMobility, height="0.22", width="1.58", color=black, fillcolor=white, style=filled, URL="$a00186.html", pos="777,76", rects="720,68,834,84"];
	Node19 [label=TractorMobility, height="0.22", width="1.22", color=black, fillcolor=white, style=filled, URL="$a00216.html", tooltip="Tractor movement model. See NED file for more info.", pos="777,42", rects="733,34,821,50"];
	Node20 [label=TurtleMobility, height="0.22", width="1.14", color=black, fillcolor=white, style=filled, URL="$a00220.html", tooltip="LOGO-style movement model, with the script coming from XML. See NED file for more info...", pos="777,8", rects="736,0,818,16"];
	Node21 [label=RectangleMobility, height="0.22", width="1.39", color=black, fillcolor=white, style=filled, URL="$a00187.html", tooltip="Rectangle movement model. See NED file for more info.", pos="595,161", rects="545,153,646,169"];
	Node22 [label=StationaryMobility, height="0.22", width="1.42", color=black, fillcolor=white, style=filled, URL="$a00205.html", pos="417,127", rects="366,119,468,135"];
	Node23 [label=LinearNodeDistributionMobility, height="0.22", width="2.36", color=black, fillcolor=white, style=filled, URL="$a00123.html", tooltip="Mobility model which places all hosts at constant distances in a line with an orientation.", pos="595,127", rects="510,119,680,135"];
	Node24 [label=StaticGridMobility, height="0.22", width="1.39", color=black, fillcolor=white, style=filled, URL="$a00204.html", tooltip="Mobility model which places all hosts at constant distances within the simulation area (resulting in ...", pos="595,93", rects="545,85,646,101"];
	Node25 [label=INotifiable, height="0.22", width="0.89", color=black, fillcolor=white, style=filled, URL="$a00102.html", pos="51,178", rects="19,170,83,186"];
	Node26 [label=BasicModule, height="0.22", width="1.00", color=black, fillcolor=white, style=filled, URL="$a00031.html", tooltip="Base class for all simple modules of a host that want to have access to the NotificationBoard module...", pos="171,178", rects="135,170,208,186"];
	Node1 -> Node2 [dir=back, color=midnightblue, style=solid, pos="s,94,212 104,212 113,212 121,212 130,212"];
	Node3 -> Node4 [dir=back, color=midnightblue, style=solid, pos="s,199,148 207,149 220,151 235,153 248,155"];
	Node4 -> Node5 [dir=back, color=midnightblue, style=solid, pos="s,324,169 332,172 342,177 346,182 360,187"];
	Node5 -> Node6 [dir=back, color=midnightblue, style=solid, pos="s,474,203 481,208 496,222 489,242 510,255 523,263 540,265 555,266"];
	Node5 -> Node7 [dir=back, color=midnightblue, style=solid, pos="s,474,203 482,206 493,211 496,217 510,221 524,225 539,227 553,228"];
	Node5 -> Node8 [dir=back, color=midnightblue, style=solid, pos="s,474,195 484,195 497,195 510,195 523,195"];
	Node8 -> Node9 [dir=back, color=midnightblue, style=solid, pos="s,667,195 676,200 677,201 679,202 680,203 738,254 660,321 716,374 721,378 726,381 732,382"];
	Node8 -> Node10 [dir=back, color=midnightblue, style=solid, pos="s,667,195 676,200 677,201 679,202 680,203 728,243 669,298 716,340 717,341 718,342 719,343"];
	Node8 -> Node11 [dir=back, color=midnightblue, style=solid, pos="s,667,195 676,200 677,201 679,202 680,203 719,232 679,275 716,306 721,310 727,312 733,314"];
	Node8 -> Node12 [dir=back, color=midnightblue, style=solid, pos="s,667,196 675,200 677,201 678,202 680,203 709,222 688,252 716,272 718,273 720,274 722,275"];
	Node8 -> Node13 [dir=back, color=midnightblue, style=solid, pos="s,667,198 676,201 677,202 679,202 680,203 701,212 696,228 716,238"];
	Node8 -> Node14 [dir=back, color=midnightblue, style=solid, pos="s,667,202 676,203 698,205 721,206 738,208"];
	Node8 -> Node15 [dir=back, color=midnightblue, style=solid, pos="s,667,188 675,187 690,186 706,185 720,183"];
	Node8 -> Node16 [dir=back, color=midnightblue, style=solid, pos="s,667,192 676,189 677,188 679,188 680,187 701,178 696,162 716,152 722,149 729,147 736,146"];
	Node8 -> Node17 [dir=back, color=midnightblue, style=solid, pos="s,667,194 675,190 677,189 678,188 680,187 709,168 688,138 716,118 718,117 720,115 723,114"];
	Node8 -> Node18 [dir=back, color=midnightblue, style=solid, pos="s,667,194 675,190 677,189 678,188 680,187 719,158 679,115 716,84 717,83 718,82 720,81"];
	Node8 -> Node19 [dir=back, color=midnightblue, style=solid, pos="s,667,195 675,191 677,189 678,188 680,187 728,147 669,92 716,50 721,46 727,43 733,42"];
	Node8 -> Node20 [dir=back, color=midnightblue, style=solid, pos="s,667,195 675,191 677,189 678,188 680,187 738,136 660,69 716,16 722,11 729,8 736,7"];
	Node5 -> Node21 [dir=back, color=midnightblue, style=solid, pos="s,474,187 482,184 493,178 496,173 510,169 521,166 533,164 544,163"];
	Node4 -> Node22 [dir=back, color=midnightblue, style=solid, pos="s,324,153 333,150 342,145 347,140 360,135 362,134 364,134 366,133"];
	Node22 -> Node23 [dir=back, color=midnightblue, style=solid, pos="s,468,127 478,127 488,127 499,127 510,127"];
	Node22 -> Node24 [dir=back, color=midnightblue, style=solid, pos="s,468,121 477,118 492,113 494,106 510,101 521,98 533,96 544,95"];
	Node25 -> Node26 [dir=back, color=midnightblue, style=solid, pos="s,83,178 93,178 106,178 121,178 134,178"];
	Node26 -> Node4 [dir=back, color=midnightblue, style=solid, pos="s,208,173 217,172 227,170 238,169 248,167"];
	Node25 -> Node2 [dir=back, color=darkgreen, style=solid, pos="s,83,183 92,185 93,186 93,186 94,186 111,191 114,198 130,204"];
}
