digraph G {
	graph [rankdir=LR];
	node [label="\N", fontname=Helvetica, fontsize=10, shape=record];
	edge [fontname=Helvetica, fontsize=10, labelfontname=Helvetica, labelfontsize=10];
	graph [bb="0,0,1172,458"];
	Node1 [label="AccessModuleWrap\< T \>", height="0.22", width="1.89", color=black, fillcolor=white, style=filled, URL="$a00002.html", tooltip="Finds and returns the pointer to a module of type T. Uses FindModule&lt;&gt;::findSubModule(), FindModule&lt;&gt;::findHost(). S\
ee usage e.g. at ConnectionManagerAccess.", pos="223,450", rects="155,442,292,458"];
	Node2 [label=ConnectionManagerAccess, height="0.22", width="1.97", color=black, fillcolor=white, style=filled, URL="$a00053.html", tooltip="Basic class for all physical layers, please don&#39;t touch!!", pos="400,450", rects="329,442,472,458"];
	Node3 [label=BasePhyLayer, height="0.22", width="1.14", color=black, fillcolor=white, style=filled, URL="$a00029.html", tooltip="The BasePhyLayer represents the physical layer of a nic.", pos="577,416", rects="536,408,618,424"];
	Node4 [label=PhyLayer, height="0.22", width="0.81", color=black, fillcolor=white, style=filled, URL="$a00173.html", tooltip="Provides initialisation for several AnalogueModels and Deciders from modules directory.", pos="741,416", rects="712,408,771,424"];
	Node5 [label=PhyLayerBattery, height="0.22", width="1.33", color=black, fillcolor=white, style=filled, URL="$a00174.html", tooltip="Extends PhyLayer by adding power consumption for tx, rx and idle.", pos="918,382", rects="870,374,966,390"];
	Node6 [label=PhyLayerUWBIR, height="0.22", width="1.39", color=black, fillcolor=white, style=filled, URL="$a00175.html", tooltip="Physical layer that models an Ultra Wideband Impulse Radio wireless communication system...", pos="1100,382", rects="1050,374,1151,390"];
	Node7 [label=SamplePhyLayer, height="0.22", width="1.31", color=black, fillcolor=white, style=filled, URL="$a00190.html", tooltip="Simple PhyLayer sub class which is just responsible for creating and initialising its own AnalogueMod...", pos="918,416", rects="871,408,966,424"];
	Node8 [label=AddressingInterface, height="0.22", width="1.50", color=black, fillcolor=white, style=filled, URL="$a00004.html", tooltip="Interface for modules which assign L2 and L3 addresses for modules.", pos="63,382", rects="9,374,118,390"];
	Node9 [label=ArpHost, height="0.22", width="0.72", color=black, fillcolor=white, style=filled, URL="$a00014.html", tooltip="A class to convert integer layer addresses.", pos="223,416", rects="197,408,249,424"];
	Node10 [label=BaseArp, height="0.22", width="0.72", color=black, fillcolor=white, style=filled, URL="$a00017.html", tooltip="A class to convert integer layer addresses.", pos="223,382", rects="197,374,250,390"];
	Node11 [label=ArpInterface, height="0.22", width="1.03", color=black, fillcolor=white, style=filled, URL="$a00015.html", tooltip="Interface every Address resolution protocol (ARP) module has to implement.", pos="63,416", rects="26,408,100,424"];
	Node12 [label=BaseModule, height="0.22", width="0.97", color=black, fillcolor=white, style=filled, URL="$a00027.html", tooltip="Base class for all simple modules of a host.", pos="63,280", rects="28,272,99,288"];
	Node13 [label=BaseBattery, height="0.22", width="0.94", color=black, fillcolor=white, style=filled, URL="$a00018.html", tooltip="Base class for any power source.", pos="223,246", rects="189,238,258,254"];
	Node14 [label=SimpleBattery, height="0.22", width="1.11", color=black, fillcolor=white, style=filled, URL="$a00193.html", tooltip="A simple linear model of battery consumption.", pos="400,246", rects="360,238,440,254"];
	Node15 [label=BatteryStats, height="0.22", width="0.94", color=black, fillcolor=white, style=filled, URL="$a00033.html", tooltip="collects and formates statistical data from the battery", pos="223,212", rects="189,204,258,220"];
	Node16 [label=MiximBatteryAccess, height="0.22", width="1.56", color=black, fillcolor=white, style=filled, URL="$a00140.html", tooltip="Extends BaseModule by several methods which provide access to the battery module.", pos="223,280", rects="167,272,280,288"];
	Node17 [label=BaseLayer, height="0.22", width="0.86", color=black, fillcolor=white, style=filled, URL="$a00025.html", tooltip="A very simple layer template.", pos="400,280", rects="369,272,431,288"];
	Node18 [label=Aggregation, height="0.22", width="0.97", color=black, fillcolor=white, style=filled, URL="$a00005.html", tooltip="this class aggregates the packets received from the application layer and separates packet emissions ...", pos="577,246", rects="542,238,613,254"];
	Node19 [label=BaseApplLayer, height="0.22", width="1.19", color=black, fillcolor=white, style=filled, URL="$a00016.html", tooltip="Base class for the application layer.", pos="577,212", rects="534,204,621,220"];
	Node20 [label=TestApplLayer, height="0.22", width="1.17", color=black, fillcolor=white, style=filled, URL="$a00208.html", tooltip="Test class for the application layer.", pos="741,212", rects="699,204,783,220"];
	Node21 [label=BurstApplLayer, height="0.22", width="1.25", color=black, fillcolor=white, style=filled, URL="$a00040.html", tooltip="Application layer to test lower layer implementations.", pos="918,212", rects="873,204,964,220"];
	Node22 [label=BurstApplLayerBattery, height="0.22", width="1.78", color=black, fillcolor=white, style=filled, URL="$a00041.html", tooltip="Application layer to test lower layer implementations.", pos="1100,212", rects="1036,204,1164,220"];
	Node23 [label=TrafficGen, height="0.22", width="0.92", color=black, fillcolor=white, style=filled, URL="$a00217.html", tooltip="A module to generate a certain rate of traffic.", pos="741,246", rects="708,238,774,254"];
	Node24 [label=BaseMacLayer, height="0.22", width="1.17", color=black, fillcolor=white, style=filled, URL="$a00026.html", tooltip="A very simple MAC module template which provides de- and encapsulation of messages using the standard...", pos="577,110", rects="535,102,619,118"];
	Node25 [label=BMacLayer, height="0.22", width="0.94", color=black, fillcolor=white, style=filled, URL="$a00035.html", tooltip="Implementation of B-MAC (called also Berkeley MAC, Low Power Listening or LPL).", pos="741,8", rects="707,0,776,16"];
	Node26 [label=csma, height="0.22", width="0.47", color=black, fillcolor=white, style=filled, URL="$a00067.html", tooltip="Generic CSMA Mac-Layer.", pos="741,178", rects="724,170,758,186"];
	Node27 [label=CSMA802154, height="0.22", width="1.03", color=black, fillcolor=white, style=filled, URL="$a00068.html", tooltip="Extends &quot;csma&quot; module by some statistics send up to the upper layer.", pos="918,178", rects="881,170,956,186"];
	Node28 [label=CSMAMacLayer, height="0.22", width="1.31", color=black, fillcolor=white, style=filled, URL="$a00069.html", tooltip="MAC module which provides non-persistent CSMA.", pos="741,144", rects="694,136,789,152"];
	Node29 [label=LMacLayer, height="0.22", width="0.94", color=black, fillcolor=white, style=filled, URL="$a00126.html", tooltip="Implementation of L-MAC (Lightweight Medium Access Protocol for Wireless Sensor Networks [van Hoesel ...", pos="741,110", rects="707,102,775,118"];
	Node30 [label=Mac80211, height="0.22", width="0.75", color=black, fillcolor=white, style=filled, URL="$a00128.html", tooltip="An implementation of the 802.11b MAC.", pos="741,76", rects="714,68,769,84"];
	Node31 [label=Mac80211MultiChannel, height="0.22", width="1.72", color=black, fillcolor=white, style=filled, URL="$a00129.html", tooltip="Adds multi channel support to Mac80211.", pos="918,76", rects="856,68,980,84"];
	Node32 [label=UWBIRMac, height="0.22", width="1.03", color=black, fillcolor=white, style=filled, URL="$a00223.html", tooltip="This class provides helper function for MAC modules that use the UWB-IR IEEE 802.15.4A model.", pos="741,42", rects="704,34,778,50"];
	Node33 [label=AlohaMacLayer, height="0.22", width="1.25", color=black, fillcolor=white, style=filled, URL="$a00008.html", tooltip="this class implements a basic Aloha MAC protocol for an UWB-IR IEEE 802.15.4A transceiver to allow te...", pos="918,42", rects="873,34,964,50"];
	Node34 [label=BaseNetwLayer, height="0.22", width="1.22", color=black, fillcolor=white, style=filled, URL="$a00028.html", tooltip="Base class for the network layer.", pos="577,348", rects="533,340,622,356"];
	Node35 [label=DummyRoute, height="0.22", width="1.14", color=black, fillcolor=white, style=filled, URL="$a00089.html", tooltip="Placeholder module that simply &quot;translates&quot; netwControlInfo to macControlInfo.", pos="741,280", rects="700,272,782,288"];
	Node36 [label=Flood, height="0.22", width="0.50", color=black, fillcolor=white, style=filled, URL="$a00094.html", tooltip="A simple flooding protocol.", pos="741,382", rects="723,374,760,390"];
	Node37 [label=ProbabilisticBroadcast, height="0.22", width="1.64", color=black, fillcolor=white, style=filled, URL="$a00180.html", tooltip="This class offers a data dissemination service using probabilistic broadcast. Each packet which arriv...", pos="741,348", rects="682,340,800,356"];
	Node38 [label=AdaptiveProbabilisticBroadcast, height="0.22", width="2.25", color=black, fillcolor=white, style=filled, URL="$a00003.html", tooltip="This class extends ProbabilisticBroadcast by adding an algorithm which adapts broadcasting parameters...", pos="918,348", rects="837,340,1000,356"];
	Node39 [label=WiseRoute, height="0.22", width="0.89", color=black, fillcolor=white, style=filled, URL="$a00227.html", tooltip="Wiseroute is a simple loop-free routing algorithm that builds a routing tree from a central network p...", pos="741,314", rects="709,306,773,322"];
	Node40 [label=NetworkStackTrafficGen, height="0.22", width="1.92", color=black, fillcolor=white, style=filled, URL="$a00156.html", tooltip="A module to generate traffic for the NIC, used for testing purposes.", pos="577,314", rects="508,306,646,322"];
	Node41 [label=SensorApplLayer, height="0.22", width="1.33", color=black, fillcolor=white, style=filled, URL="$a00191.html", tooltip="Test class for the application layer.", pos="577,280", rects="529,272,625,288"];
	Node42 [label=phyPER, height="0.22", width="0.72", color=black, fillcolor=white, style=filled, URL="$a00176.html", pos="223,178", rects="197,170,249,186"];
	Node43 [label=SimpleMacLayer, height="0.22", width="1.31", color=black, fillcolor=white, style=filled, URL="$a00196.html", tooltip="A simple Mac layer implementation which only shows how to create Signals, send them to Phy and receiv...", pos="223,144", rects="176,136,270,152"];
	Node44 [label=SimpleNetwLayer, height="0.22", width="1.39", color=black, fillcolor=white, style=filled, URL="$a00197.html", tooltip="This is an implementation of a simple network layer which provides only some simple routing (next hop...", pos="223,348", rects="173,340,273,356"];
	Node45 [label=TestApplication, height="0.22", width="1.19", color=black, fillcolor=white, style=filled, URL="$a00207.html", pos="223,314", rects="180,306,267,322"];
	Node46 [label=DeciderToPhyInterface, height="0.22", width="1.72", color=black, fillcolor=white, style=filled, URL="$a00079.html", tooltip="This class is the interface for a Decider to the BasePhyLayer.", pos="400,416", rects="338,408,463,424"];
	Node47 [label=MacToPhyInterface, height="0.22", width="1.50", color=black, fillcolor=white, style=filled, URL="$a00134.html", tooltip="Defines the methods provided by the phy to the mac layer.", pos="400,382", rects="346,374,455,390"];
	Node1 -> Node2 [dir=back, color=darkgreen, style=solid, pos="s,292,450 302,450 311,450 319,450 328,450"];
	Node2 -> Node3 [dir=back, color=midnightblue, style=solid, pos="s,472,442 480,439 491,433 494,428 508,424 517,421 527,420 536,418"];
	Node3 -> Node4 [dir=back, color=midnightblue, style=solid, pos="s,618,416 628,416 655,416 688,416 711,416"];
	Node4 -> Node5 [dir=back, color=midnightblue, style=solid, pos="s,771,414 780,412 786,411 794,410 800,408 818,402 819,394 836,390 847,387 859,385 870,384"];
	Node5 -> Node6 [dir=back, color=midnightblue, style=solid, pos="s,966,382 976,382 999,382 1026,382 1049,382"];
	Node4 -> Node7 [dir=back, color=midnightblue, style=solid, pos="s,771,416 780,416 806,416 842,416 870,416"];
	Node8 -> Node9 [dir=back, color=midnightblue, style=solid, pos="s,118,390 126,393 137,398 140,403 154,408 168,412 184,414 197,415"];
	Node8 -> Node10 [dir=back, color=midnightblue, style=solid, pos="s,118,382 127,382 151,382 177,382 196,382"];
	Node11 -> Node9 [dir=back, color=midnightblue, style=solid, pos="s,100,416 110,416 138,416 174,416 197,416"];
	Node11 -> Node10 [dir=back, color=midnightblue, style=solid, pos="s,100,412 109,410 112,410 115,409 118,408 136,402 137,395 154,390 168,386 183,384 196,383"];
	Node12 -> Node9 [dir=back, color=midnightblue, style=solid, pos="s,99,279 108,282 111,283 115,285 118,288 161,325 112,373 154,408 166,417 183,419 197,419"];
	Node12 -> Node10 [dir=back, color=midnightblue, style=solid, pos="s,99,280 108,282 112,284 115,286 118,288 151,314 121,350 154,374 166,383 182,385 196,385"];
	Node12 -> Node13 [dir=back, color=midnightblue, style=solid, pos="s,99,277 108,275 111,274 115,273 118,272 136,267 137,260 154,254 165,251 177,249 188,248"];
	Node13 -> Node14 [dir=back, color=midnightblue, style=solid, pos="s,258,246 267,246 295,246 332,246 360,246"];
	Node12 -> Node15 [dir=back, color=midnightblue, style=solid, pos="s,99,280 108,277 111,276 115,274 118,272 142,258 130,235 154,220 164,214 177,212 188,211"];
	Node12 -> Node16 [dir=back, color=midnightblue, style=solid, pos="s,99,280 108,280 126,280 147,280 166,280"];
	Node16 -> Node17 [dir=back, color=midnightblue, style=solid, pos="s,280,280 289,280 317,280 347,280 369,280"];
	Node17 -> Node18 [dir=back, color=midnightblue, style=solid, pos="s,431,279 441,278 451,277 462,275 472,272 490,267 491,260 508,254 519,251 530,249 541,248"];
	Node17 -> Node19 [dir=back, color=midnightblue, style=solid, pos="s,431,282 441,282 452,281 463,278 472,272 497,258 484,235 508,220 516,216 525,213 533,212"];
	Node19 -> Node20 [dir=back, color=midnightblue, style=solid, pos="s,621,212 631,212 653,212 678,212 699,212"];
	Node20 -> Node21 [dir=back, color=midnightblue, style=solid, pos="s,783,212 791,212 817,212 848,212 872,212"];
	Node21 -> Node22 [dir=back, color=midnightblue, style=solid, pos="s,964,212 973,212 993,212 1015,212 1036,212"];
	Node19 -> Node23 [dir=back, color=midnightblue, style=solid, pos="s,621,215 630,216 635,217 641,219 646,220 664,226 665,233 682,238 690,241 699,242 708,243"];
	Node17 -> Node24 [dir=back, color=midnightblue, style=solid, pos="s,431,284 440,284 451,284 463,280 472,272 525,226 456,165 508,118 516,112 525,109 535,107"];
	Node24 -> Node25 [dir=back, color=midnightblue, style=solid, pos="s,619,112 628,111 634,109 640,106 646,102 680,78 650,42 682,16 689,11 698,8 706,7"];
	Node24 -> Node26 [dir=back, color=midnightblue, style=solid, pos="s,619,110 627,111 634,112 640,114 646,118 671,133 659,156 682,170 695,178 712,179 724,179"];
	Node26 -> Node27 [dir=back, color=midnightblue, style=solid, pos="s,758,178 767,178 797,178 847,178 880,178"];
	Node24 -> Node28 [dir=back, color=midnightblue, style=solid, pos="s,619,113 627,114 634,115 640,117 646,118 664,124 665,131 682,136 686,137 689,138 693,139"];
	Node24 -> Node29 [dir=back, color=midnightblue, style=solid, pos="s,619,110 628,110 654,110 684,110 707,110"];
	Node24 -> Node30 [dir=back, color=midnightblue, style=solid, pos="s,619,108 628,106 634,105 641,104 646,102 664,97 665,90 682,84 692,81 703,79 713,78"];
	Node30 -> Node31 [dir=back, color=midnightblue, style=solid, pos="s,769,76 777,76 800,76 829,76 856,76"];
	Node24 -> Node32 [dir=back, color=midnightblue, style=solid, pos="s,619,111 627,110 634,108 640,106 646,102 671,88 659,65 682,50 689,46 696,44 704,43"];
	Node32 -> Node33 [dir=back, color=midnightblue, style=solid, pos="s,778,42 787,42 814,42 846,42 872,42"];
	Node17 -> Node34 [dir=back, color=midnightblue, style=solid, pos="s,431,278 440,279 451,280 463,282 472,288 497,303 484,326 508,340 515,344 524,347 532,348"];
	Node34 -> Node35 [dir=back, color=midnightblue, style=solid, pos="s,622,348 631,346 636,345 641,343 646,340 671,326 659,303 682,288 687,285 694,283 700,281"];
	Node34 -> Node36 [dir=back, color=midnightblue, style=solid, pos="s,622,351 631,352 636,353 641,355 646,356 664,362 665,369 682,374 695,378 711,380 722,381"];
	Node34 -> Node37 [dir=back, color=midnightblue, style=solid, pos="s,622,348 631,348 647,348 665,348 682,348"];
	Node37 -> Node38 [dir=back, color=midnightblue, style=solid, pos="s,800,348 810,348 819,348 827,348 836,348"];
	Node34 -> Node39 [dir=back, color=midnightblue, style=solid, pos="s,622,345 631,344 636,343 641,341 646,340 664,335 665,328 682,322 691,320 700,318 709,317"];
	Node17 -> Node40 [dir=back, color=midnightblue, style=solid, pos="s,431,281 440,282 450,283 462,285 472,288 490,294 491,301 508,306"];
	Node17 -> Node41 [dir=back, color=midnightblue, style=solid, pos="s,431,280 440,280 466,280 501,280 529,280"];
	Node16 -> Node2 [dir=back, color=midnightblue, style=solid, pos="s,280,281 288,285 289,286 291,287 292,288 345,335 276,395 328,442"];
	Node12 -> Node42 [dir=back, color=midnightblue, style=solid, pos="s,99,281 108,278 111,277 115,275 118,272 151,247 121,211 154,186 166,177 183,175 197,175"];
	Node12 -> Node43 [dir=back, color=midnightblue, style=solid, pos="s,99,281 108,279 111,277 115,275 118,272 161,236 112,188 154,152 160,147 168,144 176,143"];
	Node12 -> Node44 [dir=back, color=midnightblue, style=solid, pos="s,99,281 108,283 111,284 115,286 118,288 142,303 130,326 154,340 160,343 166,346 173,347"];
	Node12 -> Node45 [dir=back, color=midnightblue, style=solid, pos="s,99,284 108,285 111,286 115,287 118,288 136,294 137,301 154,306 162,308 171,310 179,311"];
	Node46 -> Node3 [dir=back, color=midnightblue, style=solid, pos="s,463,416 472,416 494,416 517,416 536,416"];
	Node47 -> Node3 [dir=back, color=midnightblue, style=solid, pos="s,455,386 464,388 466,388 469,389 472,390 490,395 491,402 508,408 517,410 527,412 536,413"];
}
