digraph G {
	graph [rankdir=LR];
	node [label="\N", fontname=Helvetica, fontsize=10, shape=record];
	edge [fontname=Helvetica, fontsize=10, labelfontname=Helvetica, labelfontsize=10];
	graph [bb="0,0,672,322"];
	Node1 [label=ConstMapping, height="0.22", width="1.14", color=black, fillcolor=white, style=filled, URL="$a00058.html", tooltip="Represents a not changeable mapping (mathematical function) from domain with at least the time to a A...", pos="50,195", rects="9,187,92,203"];
	Node2 [label="ConcatConstMapping\< Operator \>", height="0.22", width="2.53", color=black, fillcolor=white, style=filled, URL="$a00049.html", tooltip="Defines it values by concatenating one or more Mappings to a reference Mapping.", pos="219,246", rects="128,238,310,254"];
	Node3 [label=Mapping, height="0.22", width="0.75", color=black, fillcolor=white, style=filled, URL="$a00136.html", tooltip="Represents a changeable mapping (mathematical function) from at least time to Argument::mapped_type.", pos="219,212", rects="192,204,247,220"];
	Node4 [label="BaseDelayedMapping\< Mapping \>", height="0.22", width="2.56", color=black, fillcolor=white, style=filled, URL="$a00022.html", pos="438,314", rects="346,306,530,322"];
	Node5 [label=DelayedMapping, height="0.22", width="1.31", color=black, fillcolor=white, style=filled, URL="$a00083.html", tooltip="Moves another Mapping in its time dimension.", pos="615,314", rects="568,306,663,322"];
	Node6 [label=ConstMappingWrapper, height="0.22", width="1.75", color=black, fillcolor=white, style=filled, URL="$a00061.html", tooltip="Wraps an ConstMapping into a Mapping interface.", pos="438,280", rects="375,272,502,288"];
	Node7 [label=LinearIntplMapping, height="0.22", width="1.53", color=black, fillcolor=white, style=filled, URL="$a00120.html", tooltip="Helper class which represents a linear interpolation between two other mappings.", pos="438,246", rects="383,238,493,254"];
	Node8 [label="MultiDimMapping\< Interpolator \>", height="0.22", width="2.53", color=black, fillcolor=white, style=filled, URL="$a00148.html", tooltip="Implementation of the Mapping-interface which is able to represent arbitrary dimensional instances of...", pos="438,212", rects="347,204,530,220"];
	Node9 [label="MultiDimMapping\< Linear \>", height="0.22", width="2.17", color=black, fillcolor=white, style=filled, URL="$a00148.html", pos="438,178", rects="360,170,517,186"];
	Node10 [label=FilledUpMapping, height="0.22", width="1.33", color=black, fillcolor=white, style=filled, URL="$a00090.html", tooltip="Takes a source ConstMapping with a domain A and a set of KeyEntries for a domain B and creates a clon...", pos="615,178", rects="567,170,664,186"];
	Node11 [label="TimeMapping\< Interpolator \>", height="0.22", width="2.19", color=black, fillcolor=white, style=filled, URL="$a00212.html", tooltip="Implements the Mapping-interface with an InterpolateableMap from simtime_t to double between which va...", pos="438,144", rects="359,136,518,152"];
	Node12 [label=RSAMMapping, height="0.22", width="1.25", color=black, fillcolor=white, style=filled, URL="$a00189.html", tooltip="This class represents the corresponding mapping to a RadioStateAnalogueModel (RSAM).", pos="219,178", rects="174,170,264,186"];
	Node13 [label=SimpleConstMapping, height="0.22", width="1.61", color=black, fillcolor=white, style=filled, URL="$a00194.html", tooltip="Abstract subclass of ConstMapping which can be used as base for any ConstMapping implementation with ...", pos="219,76", rects="161,68,277,84"];
	Node14 [label=ConstantSimpleConstMapping, height="0.22", width="2.22", color=black, fillcolor=white, style=filled, URL="$a00055.html", tooltip="Represents a constant mathematical mapping (f(x) = c)", pos="438,110", rects="358,102,518,118"];
	Node15 [label=JakesFadingMapping, height="0.22", width="1.58", color=black, fillcolor=white, style=filled, URL="$a00115.html", tooltip="Mapping used to represent attenuation of a signal by JakesFading.", pos="438,76", rects="381,68,496,84"];
	Node16 [label=SimplePathlossConstMapping, height="0.22", width="2.17", color=black, fillcolor=white, style=filled, URL="$a00198.html", tooltip="Mapping that represents a Pathloss-function.", pos="438,42", rects="360,34,516,50"];
	Node17 [label=SimpleTimeConstMapping, height="0.22", width="1.97", color=black, fillcolor=white, style=filled, URL="$a00200.html", tooltip="TODO: short description for this class.", pos="438,8", rects="367,0,509,16"];
	Node1 -> Node2 [dir=back, color=midnightblue, style=solid, pos="s,92,203 100,208 111,217 111,229 128,238"];
	Node1 -> Node3 [dir=back, color=midnightblue, style=solid, pos="s,92,200 101,201 109,202 119,203 128,204 149,206 173,208 191,210"];
	Node3 -> Node4 [dir=back, color=midnightblue, style=solid, pos="s,247,207 256,207 274,207 295,209 310,220 344,244 313,281 346,306"];
	Node4 -> Node5 [dir=back, color=midnightblue, style=solid, pos="s,530,314 539,314 549,314 559,314 567,314"];
	Node3 -> Node6 [dir=back, color=midnightblue, style=solid, pos="s,247,208 256,208 273,208 294,211 310,220 335,234 322,257 346,272 355,277 364,280 374,281"];
	Node3 -> Node7 [dir=back, color=midnightblue, style=solid, pos="s,247,211 256,212 272,213 292,215 310,220 328,224 329,233 346,238 358,241 370,243 383,244"];
	Node3 -> Node8 [dir=back, color=midnightblue, style=solid, pos="s,247,212 255,212 280,212 314,212 346,212"];
	Node3 -> Node9 [dir=back, color=midnightblue, style=solid, pos="s,247,212 256,212 272,211 292,209 310,204 328,199 329,190 346,186 350,185 355,184 359,183"];
	Node9 -> Node10 [dir=back, color=midnightblue, style=solid, pos="s,517,178 526,178 540,178 554,178 566,178"];
	Node3 -> Node11 [dir=back, color=midnightblue, style=solid, pos="s,247,215 256,215 273,215 294,213 310,204 335,189 322,167 346,152 350,150 354,148 358,147"];
	Node1 -> Node12 [dir=back, color=midnightblue, style=solid, pos="s,92,190 101,189 109,188 119,187 128,186 143,184 159,183 174,181"];
	Node1 -> Node13 [dir=back, color=midnightblue, style=solid, pos="s,92,187 99,180 124,150 93,112 128,84 138,77 149,73 161,72"];
	Node13 -> Node14 [dir=back, color=midnightblue, style=solid, pos="s,277,78 286,79 294,80 303,82 310,84 328,89 329,98 346,102 350,103 354,104 358,105"];
	Node13 -> Node15 [dir=back, color=midnightblue, style=solid, pos="s,277,76 287,76 317,76 351,76 380,76"];
	Node13 -> Node16 [dir=back, color=midnightblue, style=solid, pos="s,277,75 286,73 294,72 303,70 310,68 328,64 329,55 346,50 351,49 355,48 360,47"];
	Node13 -> Node17 [dir=back, color=midnightblue, style=solid, pos="s,277,79 285,77 294,75 302,73 310,68 335,54 322,31 346,16 352,12 360,10 367,8"];
}
