digraph G {
	graph [rankdir=LR];
	node [label="\N", fontname=Helvetica, fontsize=10, shape=record];
	edge [fontname=Helvetica, fontsize=10, labelfontname=Helvetica, labelfontsize=10];
	graph [bb="0,0,420,84"];
	Node1 [label="InterpolatorBase\< _ContainerType \>", height="0.22", width="2.67", color=black, fillcolor=white, style=filled, URL="$a00113.html", pos="105,42", rects="9,34,202,50"];
	Node2 [label="Linear\< _ContainerType \>", height="0.22", width="2.00", color=black, fillcolor=white, style=filled, URL="$a00118.html", tooltip="Given two iterators defining a range of key-value-pairs this class provides linear interpolation of t...", pos="325,76", rects="253,68,397,84"];
	Node3 [label="Nearest\< _ContainerType \>", height="0.22", width="2.06", color=black, fillcolor=white, style=filled, URL="$a00153.html", tooltip="Given two iterators defining a range of key-value-pairs this class provides interpolation of values f...", pos="325,42", rects="251,34,400,50"];
	Node4 [label="NextSmaller\< _ContainerType \>", height="0.22", width="2.39", color=black, fillcolor=white, style=filled, URL="$a00158.html", tooltip="Given two iterators defining a range of key-value-pairs this class provides interpolation of values f...", pos="325,8", rects="239,0,412,16"];
	Node1 -> Node2 [dir=back, color=midnightblue, style=solid, pos="s,202,50 211,53 221,57 224,64 238,68 243,69 248,70 253,71"];
	Node1 -> Node3 [dir=back, color=midnightblue, style=solid, pos="s,202,42 211,42 224,42 238,42 250,42"];
	Node1 -> Node4 [dir=back, color=midnightblue, style=solid, pos="s,202,34 211,31 221,26 224,19 238,16"];
}
